<html>
<body>
<pre>
<h1>µVision Build Log</h1>
<h2>Tool Versions:</h2>
IDE-Version: ¶ÃVision V5.24.2.0
Copyright (C) 2017 ARM Ltd and ARM Germany GmbH. All rights reserved.
License Information: Zale AT, AHPU, LIC=GMZAR-KDXNR-AQE0M-XY8T6-KIDFR-4Z5X8
 
Tool Versions:
Toolchain:       MDK-ARM Plus  Version: 5.24.1
Toolchain Path:  M:\Keil_v5\ARM\ARMCC\Bin
C Compiler:      Armcc.exe V5.06 update 5 (build 528)
Assembler:       Armasm.exe V5.06 update 5 (build 528)
Linker/Locator:  ArmLink.exe V5.06 update 5 (build 528)
Library Manager: ArmAr.exe V5.06 update 5 (build 528)
Hex Converter:   FromElf.exe V5.06 update 5 (build 528)
CPU DLL:         SARMCM3.DLL V5.24.1
Dialog DLL:      DARMCM1.DLL V1.18.0.0
Target DLL:      Segger\JL2CM3.dll V2.99.26.0
Dialog DLL:      TARMCM1.DLL V1.13.0.0
 
<h2>Project:</h2>
J:\Freescale2018\keil\2018\LQ_KEA128.uvprojx
Project File Date:  04/11/2018

<h2>Output:</h2>
*** Using Compiler 'V5.06 update 5 (build 528)', folder: 'M:\Keil_v5\ARM\ARMCC\Bin'
Build target 'Target 1'
compiling main.c...
.\RAbuild\System.h(11): warning:  #1-D: last line of file ends without a newline
  #endif
.\RAbuild\Motor.h(26): warning:  #1-D: last line of file ends without a newline
  #endif
.\RAbuild\getsig.h(15): warning:  #1-D: last line of file ends without a newline
  #endif
.\RAbuild\deal.h(41): warning:  #1-D: last line of file ends without a newline
  #endif
user\main.c(136): warning:  #223-D: function "LCD_Fill" declared implicitly
    LCD_Fill(0x00);  //≥ı º«Â∆¡
user\main.c(154): warning:  #111-D: statement is unreachable
  	LCD_P6x8Str(1,0,SR);
user\main.c(123): warning:  #177-D: variable "feedback"  was declared but never referenced
  		int feedback=0,ia;
user\main.c(211): warning:  #9-D: nested comment is not allowed
  			/*
user\main.c(163): warning:  #177-D: variable "adtc"  was declared but never referenced
  	float adca,adtc[5]={0,0,0,0,0};
user\main.c: 9 warnings, 0 errors
linking...
Program Size: Code=11080 RO-data=5820 RW-data=76 ZI-data=412  
".\Objects\LQ_KEA128.axf" - 0 Error(s), 9 Warning(s).

<h2>Software Packages used:</h2>

Package Vendor: Keil
                http://www.keil.com/pack/Keil.Kinetis_KEAxx_DFP.1.3.0.pack
                Keil.Kinetis_KEAxx_DFP.1.3.0
                NXP Kinetis KEAxx Series Device Support and Examples

<h2>Collection of Component include folders:</h2>
  .\RTE\_Target_1
  M:\Keil_v5\ARM\PACK\Keil\Kinetis_KEAxx_DFP\1.3.0\Device\Include

<h2>Collection of Component Files used:</h2>
Build Time Elapsed:  00:00:02
</pre>
</body>
</html>
