Component: ARM Compiler 5.06 update 5 (build 528) Tool: armlink [4d35e2]

==============================================================================

Section Cross References

    8700_2100.o(i.Init_8700_2100) refers to mpuiic.o(i.MPU_IIC_Init) for MPU_IIC_Init
    8700_2100.o(i.Init_8700_2100) refers to 8700_2100.o(i.Write_Byte_2100_8700) for Write_Byte_2100_8700
    8700_2100.o(i.Init_8700_2100) refers to lqled.o(i.time_delay_ms) for time_delay_ms
    8700_2100.o(i.Read_2100_8700) refers to 8700_2100.o(i.Read_Byte_2100_8700) for Read_Byte_2100_8700
    8700_2100.o(i.Read_Byte_2100_8700) refers to mpuiic.o(i.MPU_IIC_Start) for MPU_IIC_Start
    8700_2100.o(i.Read_Byte_2100_8700) refers to mpuiic.o(i.MPU_IIC_Send_Byte) for MPU_IIC_Send_Byte
    8700_2100.o(i.Read_Byte_2100_8700) refers to mpuiic.o(i.MPU_IIC_Wait_Ack) for MPU_IIC_Wait_Ack
    8700_2100.o(i.Read_Byte_2100_8700) refers to mpuiic.o(i.MPU_IIC_Read_Byte) for MPU_IIC_Read_Byte
    8700_2100.o(i.Read_Byte_2100_8700) refers to mpuiic.o(i.MPU_IIC_Stop) for MPU_IIC_Stop
    8700_2100.o(i.Test_2100_8700) refers to _printf_pad.o(.text) for _printf_pre_padding
    8700_2100.o(i.Test_2100_8700) refers to _printf_percent.o(.ARM.Collect$$_printf_percent$$00000000) for _printf_percent
    8700_2100.o(i.Test_2100_8700) refers to _printf_d.o(.ARM.Collect$$_printf_percent$$00000009) for _printf_d
    8700_2100.o(i.Test_2100_8700) refers to _printf_dec.o(.text) for _printf_int_dec
    8700_2100.o(i.Test_2100_8700) refers to rt_memcpy.o(.emb_text) for __aeabi_memcpy4
    8700_2100.o(i.Test_2100_8700) refers to 8700_2100.o(i.Init_8700_2100) for Init_8700_2100
    8700_2100.o(i.Test_2100_8700) refers to uart.o(i.uart_init) for uart_init
    8700_2100.o(i.Test_2100_8700) refers to lq12864.o(i.LCD_Init) for LCD_Init
    8700_2100.o(i.Test_2100_8700) refers to 8700_2100.o(i.Read_2100_8700) for Read_2100_8700
    8700_2100.o(i.Test_2100_8700) refers to noretval__2sprintf.o(.text) for __2sprintf
    8700_2100.o(i.Test_2100_8700) refers to lq12864.o(i.LCD_P6x8Str) for LCD_P6x8Str
    8700_2100.o(i.Test_2100_8700) refers to serial_oscilloscope.o(i.Data_Send) for Data_Send
    8700_2100.o(i.Test_2100_8700) refers to 8700_2100.o(.constdata) for .constdata
    8700_2100.o(i.Write_Byte_2100_8700) refers to mpuiic.o(i.MPU_IIC_Start) for MPU_IIC_Start
    8700_2100.o(i.Write_Byte_2100_8700) refers to mpuiic.o(i.MPU_IIC_Send_Byte) for MPU_IIC_Send_Byte
    8700_2100.o(i.Write_Byte_2100_8700) refers to mpuiic.o(i.MPU_IIC_Wait_Ack) for MPU_IIC_Wait_Ack
    8700_2100.o(i.Write_Byte_2100_8700) refers to mpuiic.o(i.MPU_IIC_Stop) for MPU_IIC_Stop
    isr.o(i.FTM0_IRQHandler) refers to ftm.o(.data) for FTMx
    isr.o(i.FTM1_IRQHandler) refers to ftm.o(.data) for FTMx
    isr.o(i.FTM2_IRQHandler) refers to ftm.o(.data) for FTMx
    isr.o(i.KBI0_IRQHandler) refers to lqled.o(i.LED_Ctrl) for LED_Ctrl
    isr.o(i.KBI1_IRQHandler) refers to lqled.o(i.LED_Ctrl) for LED_Ctrl
    isr.o(i.PIT_CH0_IRQHandler) refers to lqled.o(i.LED_Ctrl) for LED_Ctrl
    isr.o(i.RTC_IRQHandler) refers to _printf_pad.o(.text) for _printf_pre_padding
    isr.o(i.RTC_IRQHandler) refers to _printf_percent.o(.ARM.Collect$$_printf_percent$$00000000) for _printf_percent
    isr.o(i.RTC_IRQHandler) refers to _printf_d.o(.ARM.Collect$$_printf_percent$$00000009) for _printf_d
    isr.o(i.RTC_IRQHandler) refers to _printf_dec.o(.text) for _printf_int_dec
    isr.o(i.RTC_IRQHandler) refers to rt_memcpy.o(.emb_text) for __aeabi_memcpy4
    isr.o(i.RTC_IRQHandler) refers to lqled.o(i.LED_Ctrl) for LED_Ctrl
    isr.o(i.RTC_IRQHandler) refers to noretval__2sprintf.o(.text) for __2sprintf
    isr.o(i.RTC_IRQHandler) refers to lq12864.o(i.LCD_P6x8Str) for LCD_P6x8Str
    isr.o(i.RTC_IRQHandler) refers to isr.o(.constdata) for .constdata
    isr.o(i.RTC_IRQHandler) refers to isr.o(.data) for Sec
    isr.o(i.UART0_IRQHandler) refers to _printf_percent.o(.ARM.Collect$$_printf_percent$$00000000) for _printf_percent
    isr.o(i.UART0_IRQHandler) refers to _printf_c.o(.ARM.Collect$$_printf_percent$$00000013) for _printf_c
    isr.o(i.UART0_IRQHandler) refers to _printf_str.o(.text) for _printf_str
    isr.o(i.UART0_IRQHandler) refers to uart.o(i.Uart_GetChar) for Uart_GetChar
    isr.o(i.UART0_IRQHandler) refers to noretval__2sprintf.o(.text) for __2sprintf
    isr.o(i.UART0_IRQHandler) refers to uart.o(i.Uart_SendString) for Uart_SendString
    isr.o(i.UART1_IRQHandler) refers to _printf_percent.o(.ARM.Collect$$_printf_percent$$00000000) for _printf_percent
    isr.o(i.UART1_IRQHandler) refers to _printf_c.o(.ARM.Collect$$_printf_percent$$00000013) for _printf_c
    isr.o(i.UART1_IRQHandler) refers to _printf_str.o(.text) for _printf_str
    isr.o(i.UART1_IRQHandler) refers to uart.o(i.Uart_GetChar) for Uart_GetChar
    isr.o(i.UART1_IRQHandler) refers to noretval__2sprintf.o(.text) for __2sprintf
    isr.o(i.UART1_IRQHandler) refers to uart.o(i.Uart_SendString) for Uart_SendString
[...]
    libinit2.o(.ARM.Collect$$libinit$$00000027) refers to argv_veneer.o(.text) for __ARM_argv_veneer
    sys_exit.o(.text) refers (Special) to use_no_semi.o(.text) for __I$use$semihosting
    sys_exit.o(.text) refers (Special) to indicate_semi.o(.text) for __semihosting_library_function
    rtexit2.o(.ARM.Collect$$rtexit$$00000003) refers to libshutdown.o(.ARM.Collect$$libshutdown$$00000000) for __rt_lib_shutdown
    rtexit2.o(.ARM.Collect$$rtexit$$00000004) refers to sys_exit.o(.text) for _sys_exit
    rtexit2.o(.ARM.exidx) refers to rtexit2.o(.ARM.Collect$$rtexit$$00000001) for .ARM.Collect$$rtexit$$00000001
    rtexit2.o(.ARM.exidx) refers to rtexit2.o(.ARM.Collect$$rtexit$$00000003) for .ARM.Collect$$rtexit$$00000003
    rtexit2.o(.ARM.exidx) refers to rtexit2.o(.ARM.Collect$$rtexit$$00000004) for .ARM.Collect$$rtexit$$00000004
    __raise.o(.text) refers to defsig.o(CL$$defsig) for __default_signal_handler
    defsig_general.o(.text) refers to sys_wrch.o(.text) for _ttywrch
    sys_wrch.o(.text) refers (Special) to use_no_semi.o(.text) for __I$use$semihosting
    sys_wrch.o(.text) refers (Special) to indicate_semi.o(.text) for __semihosting_library_function
    defsig.o(CL$$defsig) refers to defsig_fpe_inner.o(.text) for __rt_SIGFPE_inner
    defsig.o(CL$$defsig) refers to defsig_rtmem_inner.o(.text) for __rt_SIGRTMEM_inner
    _get_argv_nomalloc.o(.text) refers (Special) to hrguard.o(.text) for __heap_region$guard
    _get_argv_nomalloc.o(.text) refers to defsig_rtmem_outer.o(.text) for __rt_SIGRTMEM
    _get_argv_nomalloc.o(.text) refers to sys_command.o(.text) for _sys_command_string
    libshutdown.o(.ARM.Collect$$libshutdown$$00000000) refers (Special) to libshutdown2.o(.ARM.Collect$$libshutdown$$00000002) for __rt_lib_shutdown_cpp_1
    libshutdown.o(.ARM.Collect$$libshutdown$$00000000) refers (Special) to libshutdown2.o(.ARM.Collect$$libshutdown$$00000007) for __rt_lib_shutdown_fp_trap_1
    libshutdown.o(.ARM.Collect$$libshutdown$$00000000) refers (Special) to libshutdown2.o(.ARM.Collect$$libshutdown$$0000000F) for __rt_lib_shutdown_heap_1
    libshutdown.o(.ARM.Collect$$libshutdown$$00000000) refers (Special) to libshutdown2.o(.ARM.Collect$$libshutdown$$00000010) for __rt_lib_shutdown_return
    libshutdown.o(.ARM.Collect$$libshutdown$$00000000) refers (Special) to libshutdown2.o(.ARM.Collect$$libshutdown$$0000000A) for __rt_lib_shutdown_signal_1
    libshutdown.o(.ARM.Collect$$libshutdown$$00000000) refers (Special) to libshutdown2.o(.ARM.Collect$$libshutdown$$00000004) for __rt_lib_shutdown_stdio_1
    libshutdown.o(.ARM.Collect$$libshutdown$$00000000) refers (Special) to libshutdown2.o(.ARM.Collect$$libshutdown$$0000000C) for __rt_lib_shutdown_user_alloc_1
    sys_command.o(.text) refers (Special) to use_no_semi.o(.text) for __I$use$semihosting
    sys_command.o(.text) refers (Special) to indicate_semi.o(.text) for __semihosting_library_function
    defsig_abrt_inner.o(.text) refers to defsig_general.o(.text) for __default_signal_display
    defsig_rtred_inner.o(.text) refers to defsig_general.o(.text) for __default_signal_display
    defsig_rtmem_inner.o(.text) refers to defsig_general.o(.text) for __default_signal_display
    defsig_rtmem_outer.o(.text) refers to defsig_rtmem_inner.o(.text) for __rt_SIGRTMEM_inner
    defsig_rtmem_outer.o(.text) refers to defsig_exit.o(.text) for __sig_exit
    defsig_rtmem_formal.o(.text) refers to rt_raise.o(.text) for __rt_raise
    defsig_stak_inner.o(.text) refers to defsig_general.o(.text) for __default_signal_display
    defsig_pvfn_inner.o(.text) refers to defsig_general.o(.text) for __default_signal_display
    defsig_cppl_inner.o(.text) refers to defsig_general.o(.text) for __default_signal_display
    defsig_segv_inner.o(.text) refers to defsig_general.o(.text) for __default_signal_display
    defsig_other.o(.text) refers to defsig_general.o(.text) for __default_signal_display


==============================================================================

Removing Unused input sections from the image.

    Removing 8700_2100.o(.rev16_text), (4 bytes).
    Removing 8700_2100.o(.revsh_text), (4 bytes).
    Removing 8700_2100.o(i.Init_8700_2100), (94 bytes).
    Removing 8700_2100.o(i.Read_2100_8700), (114 bytes).
    Removing 8700_2100.o(i.Read_Byte_2100_8700), (66 bytes).
    Removing 8700_2100.o(i.Test_2100_8700), (300 bytes).
    Removing 8700_2100.o(i.Write_Byte_2100_8700), (76 bytes).
    Removing 8700_2100.o(.constdata), (30 bytes).
    Removing isr.o(.rev16_text), (4 bytes).
    Removing isr.o(.revsh_text), (4 bytes).
    Removing lq12864.o(.rev16_text), (4 bytes).
    Removing lq12864.o(.revsh_text), (4 bytes).
    Removing lq12864.o(i.Draw_BMP), (114 bytes).
    Removing lq12864.o(i.Draw_LQLogo), (56 bytes).
    Removing lq12864.o(i.LCD_CLS), (56 bytes).
    Removing lq12864.o(i.LCD_DLY_ms), (12 bytes).
    Removing lq12864.o(i.LCD_Fill), (58 bytes).
    Removing lq12864.o(i.LCD_Init), (288 bytes).
    Removing lq12864.o(i.LCD_P14x16Str), (248 bytes).
    Removing lq12864.o(i.LCD_P8x16Str), (140 bytes).
    Removing lq12864.o(i.LCD_Print), (96 bytes).
    Removing lq12864.o(i.LCD_PutPixel), (74 bytes).
    Removing lq12864.o(i.LCD_Rectangle), (128 bytes).
    Removing lqkey.o(.rev16_text), (4 bytes).
    Removing lqkey.o(.revsh_text), (4 bytes).
    Removing lqkey.o(i.KEY1_Init), (96 bytes).
    Removing lqkey.o(i.KEY1_Read), (184 bytes).
    Removing lqkey.o(i.KEY_Init), (44 bytes).
    Removing lqkey.o(i.KEY_Read), (184 bytes).
    Removing lqkey.o(i.Test_KEY), (106 bytes).
    Removing lqkey.o(i.Test_KEY1), (106 bytes).
    Removing lqled.o(.rev16_text), (4 bytes).
    Removing lqled.o(.revsh_text), (4 bytes).
    Removing lqled.o(i.TestLED), (128 bytes).
    Removing lqled.o(i.time_delay_ms2), (32 bytes).
    Removing main.o(.rev16_text), (4 bytes).
    Removing main.o(.revsh_text), (4 bytes).
    Removing mpu6050.o(.rev16_text), (4 bytes).
    Removing mpu6050.o(.revsh_text), (4 bytes).
    Removing mpu6050.o(i.MPU_Get_Accelerometer), (78 bytes).
    Removing mpu6050.o(i.MPU_Get_Gyroscope), (78 bytes).
    Removing mpu6050.o(i.MPU_Get_Temperature), (104 bytes).
    Removing mpu6050.o(i.MPU_Init), (122 bytes).
    Removing mpu6050.o(i.MPU_Read_Byte), (58 bytes).
    Removing mpu6050.o(i.MPU_Read_Len), (108 bytes).
    Removing mpu6050.o(i.MPU_Set_Accel_Fsr), (16 bytes).
    Removing mpu6050.o(i.MPU_Set_Gyro_Fsr), (16 bytes).
    Removing mpu6050.o(i.MPU_Set_LPF), (58 bytes).
    Removing mpu6050.o(i.MPU_Set_Rate), (60 bytes).
    Removing mpu6050.o(i.MPU_Write_Byte), (72 bytes).
    Removing mpu6050.o(i.MPU_Write_Len), (94 bytes).
    Removing mpu6050.o(i.TestMPU6050), (308 bytes).
    Removing mpu6050.o(.constdata), (30 bytes).
    Removing mpuiic.o(.rev16_text), (4 bytes).
    Removing mpuiic.o(.revsh_text), (4 bytes).
    Removing mpuiic.o(i.MPU_IIC_Ack), (84 bytes).
    Removing mpuiic.o(i.MPU_IIC_Delay), (2 bytes).
    Removing mpuiic.o(i.MPU_IIC_Init), (44 bytes).
    Removing mpuiic.o(i.MPU_IIC_NAck), (88 bytes).
    Removing mpuiic.o(i.MPU_IIC_Read_Byte), (108 bytes).
    Removing mpuiic.o(i.MPU_IIC_Send_Byte), (116 bytes).
    Removing mpuiic.o(i.MPU_IIC_Start), (84 bytes).
    Removing mpuiic.o(i.MPU_IIC_Stop), (84 bytes).
    Removing mpuiic.o(i.MPU_IIC_Wait_Ack), (92 bytes).
    Removing serial_oscilloscope.o(.rev16_text), (4 bytes).
    Removing serial_oscilloscope.o(.revsh_text), (4 bytes).
    Removing serial_oscilloscope.o(i.Data_Send), (316 bytes).
    Removing serial_oscilloscope.o(.bss), (23 bytes).
    Removing adc.o(.rev16_text), (4 bytes).
    Removing adc.o(.revsh_text), (4 bytes).
    Removing adc.o(i.TestADC), (324 bytes).
    Removing adc.o(i.adc_sum), (34 bytes).
    Removing adc.o(.constdata), (30 bytes).
    Removing crc.o(.rev16_text), (4 bytes).
    Removing crc.o(.revsh_text), (4 bytes).
    Removing crc.o(i.CRC_Cal16), (108 bytes).
    Removing crc.o(i.CRC_Cal32), (128 bytes).
    Removing crc.o(i.CRC_DeInit), (64 bytes).
    Removing crc.o(i.CRC_Init), (108 bytes).
    Removing ftm.o(.rev16_text), (4 bytes).
    Removing ftm.o(.revsh_text), (4 bytes).
    Removing ftm.o(i.FTM_ChannelInit), (604 bytes).
    Removing ftm.o(i.FTM_GetCounterValue), (20 bytes).
    Removing ftm.o(i.FTM_Init), (324 bytes).
    Removing ftm.o(i.FTM_InputCaptureFilterClr), (32 bytes).
    Removing ftm.o(i.FTM_InputCaptureFilterSet), (52 bytes).
    Removing ftm.o(i.FTM_InputCaptureInit), (172 bytes).
    Removing ftm.o(i.FTM_SetCounterInitValue), (56 bytes).
    Removing ftm.o(i.FTM_SetLoadEnable), (32 bytes).
    Removing ftm.o(i.FTM_SetLoadMatchChannel), (32 bytes).
    Removing ftm.o(i.FTM_count_clean), (16 bytes).
    Removing ftm.o(i.FTM_count_init), (240 bytes).
    Removing ftm.o(i.NVIC_EnableIRQ), (20 bytes).
    Removing ftm.o(i.TestFTM_InputCapture), (92 bytes).
    Removing ftm.o(i.TestFTM_PWM), (400 bytes).
    Removing ftm.o(.constdata), (30 bytes).
    Removing gpio.o(.rev16_text), (4 bytes).
    Removing gpio.o(.revsh_text), (4 bytes).
    Removing gpio.o(i.gpio_get), (28 bytes).
    Removing i2c.o(.rev16_text), (4 bytes).
    Removing i2c.o(.revsh_text), (4 bytes).
    Removing i2c.o(i.I2C0_Isr), (24 bytes).
    Removing i2c.o(i.I2C0_SetCallBack), (12 bytes).
    Removing i2c.o(i.I2C1_Isr), (24 bytes).
    Removing i2c.o(i.I2C1_SetCallBack), (12 bytes).
    Removing i2c.o(i.I2C_ClearStatus), (8 bytes).
    Removing i2c.o(i.I2C_Deinit), (52 bytes).
    Removing i2c.o(i.I2C_GetStatus), (6 bytes).
    Removing i2c.o(i.I2C_Init), (272 bytes).
    Removing i2c.o(i.I2C_IntDisable), (48 bytes).
    Removing i2c.o(i.I2C_IntEnable), (48 bytes).
    Removing i2c.o(i.I2C_IsBusy), (10 bytes).
    Removing i2c.o(i.I2C_MasterReadWait), (104 bytes).
    Removing i2c.o(i.I2C_MasterSendWait), (76 bytes).
    Removing i2c.o(i.I2C_ReadOneByte), (156 bytes).
    Removing i2c.o(i.I2C_RepeatStart), (60 bytes).
    Removing i2c.o(i.I2C_SetSCLLowTimeout), (8 bytes).
    Removing i2c.o(i.I2C_SetSlaveAddress), (22 bytes).
    Removing i2c.o(i.I2C_Start), (60 bytes).
    Removing i2c.o(i.I2C_Stop), (56 bytes).
    Removing i2c.o(i.I2C_TxEnable), (10 bytes).
    Removing i2c.o(i.I2C_WriteOneByte), (136 bytes).
    Removing i2c.o(i.NVIC_DisableIRQ), (20 bytes).
    Removing i2c.o(i.NVIC_EnableIRQ), (20 bytes).
    Removing i2c.o(.data), (8 bytes).
    Removing kbi.o(.rev16_text), (4 bytes).
    Removing kbi.o(.revsh_text), (4 bytes).
    Removing kbi.o(i.KBI_Disable), (36 bytes).
    Removing kbi.o(i.KBI_Enable), (52 bytes).
    Removing kbi.o(i.KBI_Init), (400 bytes).
    Removing kbi.o(i.NVIC_EnableIRQ), (20 bytes).
    Removing kbi.o(i.TestKBI), (44 bytes).
    Removing kbi.o(.data), (8 bytes).
    Removing mscan.o(.rev16_text), (4 bytes).
    Removing mscan.o(.revsh_text), (4 bytes).
    Removing mscan.o(i.CAN_DeInit), (52 bytes).
    Removing mscan.o(i.CAN_Enable), (10 bytes).
    Removing mscan.o(i.CAN_EnterSleep), (70 bytes).
    Removing mscan.o(i.CAN_Init), (844 bytes).
    Removing mscan.o(i.CAN_InitialModeReq), (10 bytes).
    Removing mscan.o(i.CAN_IsInitialMode), (10 bytes).
    Removing mscan.o(i.CAN_LaunchInitialRequest), (26 bytes).
    Removing mscan.o(i.CAN_LoadOneFrameToBuff), (72 bytes).
    Removing mscan.o(i.CAN_ReadOneFrameFromBuff), (232 bytes).
    Removing mscan.o(i.CAN_WakeUpEn), (10 bytes).
    Removing mscan.o(i.CAN_WakeUpFromSleep), (32 bytes).
    Removing mscan.o(i.CAN_WakeUpIntEn), (10 bytes).
    Removing mscan.o(i.MSCAN_RxIsr), (24 bytes).
    Removing mscan.o(i.MSCAN_SetRxCallBack), (12 bytes).
    Removing mscan.o(i.MSCAN_SetTxCallBack), (12 bytes).
    Removing mscan.o(i.MSCAN_TxIsr), (24 bytes).
    Removing mscan.o(i.NVIC_EnableIRQ), (20 bytes).
    Removing mscan.o(.data), (8 bytes).
    Removing pit.o(.rev16_text), (4 bytes).
    Removing pit.o(.revsh_text), (4 bytes).
    Removing pit.o(i.NVIC_EnableIRQ), (20 bytes).
    Removing pit.o(i.PIT_Init), (136 bytes).
    Removing pit.o(i.TestPIT), (26 bytes).
    Removing pmc.o(.rev16_text), (4 bytes).
    Removing pmc.o(.revsh_text), (4 bytes).
    Removing pmc.o(i.PMC_DeInit), (10 bytes).
    Removing pmc.o(i.PMC_Init), (10 bytes).
    Removing pmc.o(i.PMC_SetMode), (70 bytes).
    Removing pwt.o(.rev16_text), (4 bytes).
    Removing pwt.o(.revsh_text), (4 bytes).
    Removing pwt.o(i.NVIC_DisableIRQ), (20 bytes).
    Removing pwt.o(i.PWT_DeInit), (196 bytes).
    Removing pwt.o(i.PWT_Init), (240 bytes).
    Removing pwt.o(i.PWT_Isr), (24 bytes).
    Removing pwt.o(i.PWT_SetCallback), (12 bytes).
    Removing pwt.o(.data), (4 bytes).
    Removing rtc.o(.rev16_text), (4 bytes).
    Removing rtc.o(.revsh_text), (4 bytes).
    Removing rtc.o(i.RTC_Init), (168 bytes).
    Removing rtc.o(i.TestRTC), (34 bytes).
    Removing spi.o(.rev16_text), (4 bytes).
    Removing spi.o(.revsh_text), (4 bytes).
    Removing spi.o(i.NVIC_EnableIRQ), (20 bytes).
    Removing spi.o(i.SPI0_Isr), (24 bytes).
    Removing spi.o(i.SPI1_Isr), (24 bytes).
    Removing spi.o(i.SPI_DeInit), (26 bytes).
    Removing spi.o(i.SPI_Init), (504 bytes).
    Removing spi.o(i.SPI_ModfEnable), (10 bytes).
    Removing spi.o(i.SPI_SetBaudRate), (106 bytes).
    Removing spi.o(i.SPI_SetCallback), (60 bytes).
    Removing spi.o(i.SPI_TransferWait), (70 bytes).
    Removing spi.o(.data), (8 bytes).
    Removing uart.o(.rev16_text), (4 bytes).
    Removing uart.o(.revsh_text), (4 bytes).
    Removing uart.o(i.NVIC_DisableIRQ), (20 bytes).
    Removing uart.o(i.NVIC_EnableIRQ), (20 bytes).
    Removing uart.o(i.TestUART012), (62 bytes).
    Removing uart.o(i.uart_disable_re_int), (64 bytes).
    Removing uart.o(i.uart_enable_re_int), (64 bytes).
    Removing wdog.o(.rev16_text), (4 bytes).
    Removing wdog.o(.revsh_text), (4 bytes).
    Removing wdog.o(i.WDOG_DeInit), (40 bytes).
    Removing wdog.o(i.WDOG_Disable), (56 bytes).
    Removing wdog.o(i.WDOG_DisableUpdate), (56 bytes).
    Removing wdog.o(i.WDOG_DisableWDOGEnableUpdate), (60 bytes).
    Removing wdog.o(i.WDOG_Enable), (36 bytes).
    Removing wdog.o(i.WDOG_EnableUpdate), (52 bytes).
    Removing wdog.o(i.WDOG_Feed), (28 bytes).
    Removing wdog.o(i.WDOG_Init), (180 bytes).
    Removing systick.o(.rev16_text), (4 bytes).
    Removing systick.o(.revsh_text), (4 bytes).
    Removing systick.o(i.DELAY_us), (22 bytes).
    Removing systick.o(i.cal_systick_read_overhead), (24 bytes).
    Removing systick.o(i.systick_disable), (20 bytes).
    Removing systick.o(i.systick_init), (24 bytes).
    Removing systick.o(.data), (12 bytes).
    Removing arm_cm0.o(.rev16_text), (4 bytes).
    Removing arm_cm0.o(.revsh_text), (4 bytes).
    Removing arm_cm0.o(i.stop), (20 bytes).
    Removing arm_cm0.o(i.wait), (20 bytes).
    Removing arm_cm0.o(i.write_vtor), (12 bytes).
    Removing assert.o(.rev16_text), (4 bytes).
    Removing assert.o(.revsh_text), (4 bytes).
    Removing assert.o(.constdata), (35 bytes).
    Removing system_skeaz1284.o(.rev16_text), (4 bytes).
    Removing system_skeaz1284.o(.revsh_text), (4 bytes).
    Removing system_skeaz1284.o(i.SystemCoreClockUpdate), (180 bytes).
    Removing system_skeaz1284.o(.data), (4 bytes).
    Removing deal.o(.rev16_text), (4 bytes).
    Removing deal.o(.revsh_text), (4 bytes).
    Removing deal.o(i.DirectionControl), (456 bytes).
    Removing deal.o(.data), (30 bytes).
    Removing getsig.o(.rev16_text), (4 bytes).
    Removing getsig.o(.revsh_text), (4 bytes).
    Removing getsig.o(i.getsig), (362 bytes).
    Removing motor.o(.rev16_text), (4 bytes).
    Removing motor.o(.revsh_text), (4 bytes).
    Removing motor.o(i.car_direct), (18 bytes).
    Removing system.o(.rev16_text), (4 bytes).
    Removing system.o(.revsh_text), (4 bytes).
    Removing system.o(i.DATAinit), (120 bytes).
    Removing system.o(i.SystermInit), (48 bytes).
    Removing system.o(i.abs), (14 bytes).
    Removing system.o(i.abs_f), (28 bytes).
    Removing spit.o(.rev16_text), (4 bytes).
    Removing spit.o(.revsh_text), (4 bytes).
    Removing bt.o(.rev16_text), (4 bytes).
    Removing bt.o(.revsh_text), (4 bytes).
    Removing bt.o(i.BT_send), (2 bytes).

244 unused section(s) (total 15584 bytes) removed from the image.

==============================================================================

Image Symbol Table

    Local Symbols

    Symbol Name                              Value     Ov Type        Size  Object(Section)

    RESET                                    0x00000000   Section      192  startup_skeaz1284.o(RESET)
    ../clib/angel/boardlib.s                 0x00000000   Number         0  boardshut.o ABSOLUTE
    ../clib/angel/boardlib.s                 0x00000000   Number         0  boardinit3.o ABSOLUTE
    ../clib/angel/boardlib.s                 0x00000000   Number         0  boardinit1.o ABSOLUTE
    ../clib/angel/boardlib.s                 0x00000000   Number         0  boardinit2.o ABSOLUTE
    ../clib/angel/handlers.s                 0x00000000   Number         0  __scatter_copy.o ABSOLUTE
    ../clib/angel/handlers.s                 0x00000000   Number         0  __scatter_zi.o ABSOLUTE
    ../clib/angel/kernel.s                   0x00000000   Number         0  __rtentry.o ABSOLUTE
    ../clib/angel/kernel.s                   0x00000000   Number         0  __rtentry4.o ABSOLUTE
    ../clib/angel/kernel.s                   0x00000000   Number         0  rtexit.o ABSOLUTE
    ../clib/angel/kernel.s                   0x00000000   Number         0  rtexit2.o ABSOLUTE
    ../clib/angel/kernel.s                   0x00000000   Number         0  __rtentry2.o ABSOLUTE
    ../clib/angel/rt.s                       0x00000000   Number         0  aeabi_idiv0.o ABSOLUTE
    ../clib/angel/rt.s                       0x00000000   Number         0  aeabi_idiv0_sigfpe.o ABSOLUTE
    ../clib/angel/rt.s                       0x00000000   Number         0  rt_div0.o ABSOLUTE
    ../clib/angel/rt.s                       0x00000000   Number         0  rt_raise.o ABSOLUTE
    ../clib/angel/scatterp.s                 0x00000000   Number         0  __scatter.o ABSOLUTE
    ../clib/angel/startup.s                  0x00000000   Number         0  __main.o ABSOLUTE
    ../clib/angel/sys.s                      0x00000000   Number         0  indicate_semi.o ABSOLUTE
    ../clib/angel/sys.s                      0x00000000   Number         0  use_no_semi.o ABSOLUTE
    ../clib/angel/sys.s                      0x00000000   Number         0  tempstk.o ABSOLUTE
    ../clib/angel/sys.s                      0x00000000   Number         0  sys_stackheap_outer.o ABSOLUTE
    ../clib/angel/sys.s                      0x00000000   Number         0  libspace.o ABSOLUTE
    ../clib/angel/sysapp.c                   0x00000000   Number         0  sys_wrch.o ABSOLUTE
    ../clib/angel/sysapp.c                   0x00000000   Number         0  sys_command.o ABSOLUTE
    ../clib/angel/sysapp.c                   0x00000000   Number         0  sys_exit.o ABSOLUTE
    ../clib/armsys.c                         0x00000000   Number         0  _get_argv_nomalloc.o ABSOLUTE
    ../clib/armsys.c                         0x00000000   Number         0  no_argv.o ABSOLUTE
    ../clib/armsys.c                         0x00000000   Number         0  argv_veneer.o ABSOLUTE
    ../clib/division.c                       0x00000000   Number         0  rtudiv10.o ABSOLUTE
    ../clib/division.s                       0x00000000   Number         0  aeabi_sdiv_div0.o ABSOLUTE
    ../clib/division.s                       0x00000000   Number         0  aeabi_sdiv.o ABSOLUTE
    ../clib/heapalloc.c                      0x00000000   Number         0  hrguard.o ABSOLUTE
    ../clib/heapaux.c                        0x00000000   Number         0  heapauxi.o ABSOLUTE
    ../clib/libinit.s                        0x00000000   Number         0  libinit2.o ABSOLUTE
    ../clib/libinit.s                        0x00000000   Number         0  libinit.o ABSOLUTE
    ../clib/libinit.s                        0x00000000   Number         0  libshutdown.o ABSOLUTE
    ../clib/libinit.s                        0x00000000   Number         0  libshutdown2.o ABSOLUTE
    ../clib/memcpset.c                       0x00000000   Number         0  rt_memcpy.o ABSOLUTE
    ../clib/memcpset.c                       0x00000000   Number         0  rt_memclr.o ABSOLUTE
    ../clib/memcpset.c                       0x00000000   Number         0  rt_memcpy.o ABSOLUTE
    ../clib/misc.s                           0x00000000   Number         0  printf_stubs.o ABSOLUTE
    ../clib/printf.c                         0x00000000   Number         0  __printf_flags.o ABSOLUTE
    ../clib/printf.c                         0x00000000   Number         0  __printf_nopercent.o ABSOLUTE
    ../clib/printf.c                         0x00000000   Number         0  _printf_str.o ABSOLUTE
    ../clib/printf.c                         0x00000000   Number         0  _printf_pad.o ABSOLUTE
    ../clib/printf.c                         0x00000000   Number         0  __printf.o ABSOLUTE
    ../clib/printf.c                         0x00000000   Number         0  __2sprintf.o ABSOLUTE
    ../clib/printf.c                         0x00000000   Number         0  __printf_flags_ss_wp.o ABSOLUTE
    ../clib/printf.c                         0x00000000   Number         0  __printf_ss_wp.o ABSOLUTE
    ../clib/printf.c                         0x00000000   Number         0  _printf_intcommon.o ABSOLUTE
    ../clib/printf.c                         0x00000000   Number         0  _printf_char_common.o ABSOLUTE
    ../clib/printf.c                         0x00000000   Number         0  noretval__2sprintf.o ABSOLUTE
    ../clib/printf.c                         0x00000000   Number         0  _sputc.o ABSOLUTE
    ../clib/printf.c                         0x00000000   Number         0  _printf_char.o ABSOLUTE
    ../clib/printf.c                         0x00000000   Number         0  __printf_flags_wp.o ABSOLUTE
    ../clib/printf.c                         0x00000000   Number         0  _printf_dec.o ABSOLUTE
    ../clib/printf.c                         0x00000000   Number         0  __printf_wp.o ABSOLUTE
    ../clib/printf.c                         0x00000000   Number         0  __printf_flags_ss.o ABSOLUTE
    ../clib/printf.c                         0x00000000   Number         0  __printf_ss.o ABSOLUTE
    ../clib/printf_percent.s                 0x00000000   Number         0  _printf_c.o ABSOLUTE
    ../clib/printf_percent.s                 0x00000000   Number         0  _printf_d.o ABSOLUTE
    ../clib/printf_percent.s                 0x00000000   Number         0  _printf_percent.o ABSOLUTE
    ../clib/printf_percent.s                 0x00000000   Number         0  _printf_percent_end.o ABSOLUTE
    ../clib/signal.c                         0x00000000   Number         0  __raise.o ABSOLUTE
    ../clib/signal.c                         0x00000000   Number         0  defsig_cppl_inner.o ABSOLUTE
    ../clib/signal.c                         0x00000000   Number         0  defsig_stak_inner.o ABSOLUTE
    ../clib/signal.c                         0x00000000   Number         0  defsig_fpe_formal.o ABSOLUTE
    ../clib/signal.c                         0x00000000   Number         0  defsig_pvfn_inner.o ABSOLUTE
    ../clib/signal.c                         0x00000000   Number         0  defsig_rtmem_outer.o ABSOLUTE
    ../clib/signal.c                         0x00000000   Number         0  defsig_fpe_inner.o ABSOLUTE
    ../clib/signal.c                         0x00000000   Number         0  defsig_rtmem_formal.o ABSOLUTE
    ../clib/signal.c                         0x00000000   Number         0  defsig_exit.o ABSOLUTE
    ../clib/signal.c                         0x00000000   Number         0  defsig_rtmem_inner.o ABSOLUTE
    ../clib/signal.c                         0x00000000   Number         0  defsig_general.o ABSOLUTE
    ../clib/signal.c                         0x00000000   Number         0  defsig_rtred_inner.o ABSOLUTE
    ../clib/signal.c                         0x00000000   Number         0  defsig_abrt_inner.o ABSOLUTE
    ../clib/signal.c                         0x00000000   Number         0  defsig_fpe_outer.o ABSOLUTE
    ../clib/signal.c                         0x00000000   Number         0  defsig_segv_inner.o ABSOLUTE
    ../clib/signal.c                         0x00000000   Number         0  defsig_other.o ABSOLUTE
    ../clib/signal.s                         0x00000000   Number         0  defsig.o ABSOLUTE
    ../clib/stdlib.c                         0x00000000   Number         0  exit.o ABSOLUTE
    ../fplib/cfplib/cmpret.c                 0x00000000   Number         0  cmpret.o ABSOLUTE
    ../fplib/cfplib/d2f.c                    0x00000000   Number         0  d2f.o ABSOLUTE
    ../fplib/cfplib/daddsub.c                0x00000000   Number         0  daddsub.o ABSOLUTE
    ../fplib/cfplib/ddiv.c                   0x00000000   Number         0  ddiv.o ABSOLUTE
    ../fplib/cfplib/dmul.c                   0x00000000   Number         0  dmul.o ABSOLUTE
    ../fplib/cfplib/f2d.c                    0x00000000   Number         0  f2d.o ABSOLUTE
    ../fplib/cfplib/fcmpin.c                 0x00000000   Number         0  fcmpin.o ABSOLUTE
    ../fplib/cfplib/ffix.c                   0x00000000   Number         0  ffixi.o ABSOLUTE
    ../fplib/cfplib/fflt.c                   0x00000000   Number         0  fflti.o ABSOLUTE
    ../fplib/cfplib/fflt.c                   0x00000000   Number         0  dflti.o ABSOLUTE
    ../fplib/cfplib/fpinit.c                 0x00000000   Number         0  fpinit.o ABSOLUTE
    ../fplib/cfplib/nan2.c                   0x00000000   Number         0  fnan2.o ABSOLUTE
    ../fplib/cfplib/retnan.c                 0x00000000   Number         0  retnan.o ABSOLUTE
    ../fplib/faddsub6m.s                     0x00000000   Number         0  faddsub.o ABSOLUTE
    ../fplib/fmul6m.s                        0x00000000   Number         0  fmul.o ABSOLUTE
    ../fplib/frleqf6m.s                      0x00000000   Number         0  frlef.o ABSOLUTE
    ../fplib/usenofp.s                       0x00000000   Number         0  usenofp.o ABSOLUTE
    RAbuild\Motor.c                          0x00000000   Number         0  motor.o ABSOLUTE
    RAbuild\System.c                         0x00000000   Number         0  system.o ABSOLUTE
    RAbuild\\Motor.c                         0x00000000   Number         0  motor.o ABSOLUTE
    RAbuild\\System.c                        0x00000000   Number         0  system.o ABSOLUTE
    RAbuild\\bt.c                            0x00000000   Number         0  bt.o ABSOLUTE
    RAbuild\\deal.c                          0x00000000   Number         0  deal.o ABSOLUTE
    RAbuild\\getsig.c                        0x00000000   Number         0  getsig.o ABSOLUTE
    RAbuild\\spit.c                          0x00000000   Number         0  spit.o ABSOLUTE
    RAbuild\bt.c                             0x00000000   Number         0  bt.o ABSOLUTE
    RAbuild\deal.c                           0x00000000   Number         0  deal.o ABSOLUTE
    RAbuild\getsig.c                         0x00000000   Number         0  getsig.o ABSOLUTE
    RAbuild\spit.c                           0x00000000   Number         0  spit.o ABSOLUTE
    RTE\Device\SKEAZ128xxx4\startup_SKEAZ1284.s 0x00000000   Number         0  startup_skeaz1284.o ABSOLUTE
    common\\assert.c                         0x00000000   Number         0  assert.o ABSOLUTE
    common\assert.c                          0x00000000   Number         0  assert.o ABSOLUTE
    cpu\\arm_cm0.c                           0x00000000   Number         0  arm_cm0.o ABSOLUTE
    cpu\\system_SKEAZ1284.c                  0x00000000   Number         0  system_skeaz1284.o ABSOLUTE
    cpu\arm_cm0.c                            0x00000000   Number         0  arm_cm0.o ABSOLUTE
    cpu\system_SKEAZ1284.c                   0x00000000   Number         0  system_skeaz1284.o ABSOLUTE
    dc.s                                     0x00000000   Number         0  dc.o ABSOLUTE
    drivers\\adc.c                           0x00000000   Number         0  adc.o ABSOLUTE
    drivers\\crc.c                           0x00000000   Number         0  crc.o ABSOLUTE
    drivers\\ftm.c                           0x00000000   Number         0  ftm.o ABSOLUTE
    drivers\\gpio.c                          0x00000000   Number         0  gpio.o ABSOLUTE
    drivers\\i2c.c                           0x00000000   Number         0  i2c.o ABSOLUTE
    drivers\\kbi.c                           0x00000000   Number         0  kbi.o ABSOLUTE
    drivers\\mscan.c                         0x00000000   Number         0  mscan.o ABSOLUTE
    drivers\\pit.c                           0x00000000   Number         0  pit.o ABSOLUTE
    drivers\\pmc.c                           0x00000000   Number         0  pmc.o ABSOLUTE
    drivers\\pwt.c                           0x00000000   Number         0  pwt.o ABSOLUTE
    drivers\\rtc.c                           0x00000000   Number         0  rtc.o ABSOLUTE
    drivers\\spi.c                           0x00000000   Number         0  spi.o ABSOLUTE
    drivers\\systick.c                       0x00000000   Number         0  systick.o ABSOLUTE
    drivers\\uart.c                          0x00000000   Number         0  uart.o ABSOLUTE
    drivers\\wdog.c                          0x00000000   Number         0  wdog.o ABSOLUTE
    drivers\adc.c                            0x00000000   Number         0  adc.o ABSOLUTE
    drivers\crc.c                            0x00000000   Number         0  crc.o ABSOLUTE
    drivers\ftm.c                            0x00000000   Number         0  ftm.o ABSOLUTE
    drivers\gpio.c                           0x00000000   Number         0  gpio.o ABSOLUTE
    drivers\i2c.c                            0x00000000   Number         0  i2c.o ABSOLUTE
    drivers\kbi.c                            0x00000000   Number         0  kbi.o ABSOLUTE
    drivers\mscan.c                          0x00000000   Number         0  mscan.o ABSOLUTE
    drivers\pit.c                            0x00000000   Number         0  pit.o ABSOLUTE
    drivers\pmc.c                            0x00000000   Number         0  pmc.o ABSOLUTE
    drivers\pwt.c                            0x00000000   Number         0  pwt.o ABSOLUTE
    drivers\rtc.c                            0x00000000   Number         0  rtc.o ABSOLUTE
    drivers\spi.c                            0x00000000   Number         0  spi.o ABSOLUTE
    drivers\systick.c                        0x00000000   Number         0  systick.o ABSOLUTE
    drivers\uart.c                           0x00000000   Number         0  uart.o ABSOLUTE
    drivers\wdog.c                           0x00000000   Number         0  wdog.o ABSOLUTE
    user\8700_2100.c                         0x00000000   Number         0  8700_2100.o ABSOLUTE
    user\LQ12864.c                           0x00000000   Number         0  lq12864.o ABSOLUTE
    user\LQKEY.c                             0x00000000   Number         0  lqkey.o ABSOLUTE
    user\LQLED.c                             0x00000000   Number         0  lqled.o ABSOLUTE
    user\MPU6050.c                           0x00000000   Number         0  mpu6050.o ABSOLUTE
    user\MPUIIC.c                            0x00000000   Number         0  mpuiic.o ABSOLUTE
    user\Serial_oscilloscope.c               0x00000000   Number         0  serial_oscilloscope.o ABSOLUTE
    user\\8700_2100.c                        0x00000000   Number         0  8700_2100.o ABSOLUTE
    user\\LQ12864.c                          0x00000000   Number         0  lq12864.o ABSOLUTE
    user\\LQKEY.c                            0x00000000   Number         0  lqkey.o ABSOLUTE
    user\\LQLED.c                            0x00000000   Number         0  lqled.o ABSOLUTE
    user\\MPU6050.c                          0x00000000   Number         0  mpu6050.o ABSOLUTE
    user\\MPUIIC.c                           0x00000000   Number         0  mpuiic.o ABSOLUTE
    user\\Serial_oscilloscope.c              0x00000000   Number         0  serial_oscilloscope.o ABSOLUTE
    user\\isr.c                              0x00000000   Number         0  isr.o ABSOLUTE
    user\\main.c                             0x00000000   Number         0  main.o ABSOLUTE
    user\isr.c                               0x00000000   Number         0  isr.o ABSOLUTE
    user\main.c                              0x00000000   Number         0  main.o ABSOLUTE
    !!!main                                  0x000000c0   Section        8  __main.o(!!!main)
    !!!scatter                               0x000000c8   Section       60  __scatter.o(!!!scatter)
    !!handler_copy                           0x00000104   Section       26  __scatter_copy.o(!!handler_copy)
    !!handler_zi                             0x00000120   Section       28  __scatter_zi.o(!!handler_zi)
    .ARM.Collect$$_printf_percent$$00000000  0x0000013c   Section        2  _printf_percent.o(.ARM.Collect$$_printf_percent$$00000000)
    .ARM.Collect$$_printf_percent$$00000009  0x0000013e   Section       10  _printf_d.o(.ARM.Collect$$_printf_percent$$00000009)
    .ARM.Collect$$_printf_percent$$00000013  0x00000148   Section       10  _printf_c.o(.ARM.Collect$$_printf_percent$$00000013)
    .ARM.Collect$$_printf_percent$$00000017  0x00000152   Section        4  _printf_percent_end.o(.ARM.Collect$$_printf_percent$$00000017)
    .ARM.Collect$$libinit$$00000000          0x00000156   Section        2  libinit.o(.ARM.Collect$$libinit$$00000000)
    .ARM.Collect$$libinit$$00000002          0x00000158   Section        0  libinit2.o(.ARM.Collect$$libinit$$00000002)
    .ARM.Collect$$libinit$$00000004          0x00000158   Section        0  libinit2.o(.ARM.Collect$$libinit$$00000004)
    .ARM.Collect$$libinit$$0000000A          0x00000158   Section        0  libinit2.o(.ARM.Collect$$libinit$$0000000A)
    .ARM.Collect$$libinit$$0000000C          0x00000158   Section        0  libinit2.o(.ARM.Collect$$libinit$$0000000C)
    .ARM.Collect$$libinit$$0000000E          0x00000158   Section        0  libinit2.o(.ARM.Collect$$libinit$$0000000E)
    .ARM.Collect$$libinit$$00000011          0x00000158   Section        0  libinit2.o(.ARM.Collect$$libinit$$00000011)
    .ARM.Collect$$libinit$$00000013          0x00000158   Section        0  libinit2.o(.ARM.Collect$$libinit$$00000013)
    .ARM.Collect$$libinit$$00000015          0x00000158   Section        0  libinit2.o(.ARM.Collect$$libinit$$00000015)
    .ARM.Collect$$libinit$$00000017          0x00000158   Section        0  libinit2.o(.ARM.Collect$$libinit$$00000017)
    .ARM.Collect$$libinit$$00000019          0x00000158   Section        0  libinit2.o(.ARM.Collect$$libinit$$00000019)
    .ARM.Collect$$libinit$$0000001B          0x00000158   Section        0  libinit2.o(.ARM.Collect$$libinit$$0000001B)
    .ARM.Collect$$libinit$$0000001D          0x00000158   Section        0  libinit2.o(.ARM.Collect$$libinit$$0000001D)
    .ARM.Collect$$libinit$$0000001F          0x00000158   Section        0  libinit2.o(.ARM.Collect$$libinit$$0000001F)
    .ARM.Collect$$libinit$$00000021          0x00000158   Section        0  libinit2.o(.ARM.Collect$$libinit$$00000021)
    .ARM.Collect$$libinit$$00000023          0x00000158   Section        0  libinit2.o(.ARM.Collect$$libinit$$00000023)
    .ARM.Collect$$libinit$$00000025          0x00000158   Section        0  libinit2.o(.ARM.Collect$$libinit$$00000025)
    .ARM.Collect$$libinit$$0000002C          0x00000158   Section        0  libinit2.o(.ARM.Collect$$libinit$$0000002C)
    .ARM.Collect$$libinit$$0000002E          0x00000158   Section        0  libinit2.o(.ARM.Collect$$libinit$$0000002E)
    .ARM.Collect$$libinit$$00000030          0x00000158   Section        0  libinit2.o(.ARM.Collect$$libinit$$00000030)
    .ARM.Collect$$libinit$$00000032          0x00000158   Section        0  libinit2.o(.ARM.Collect$$libinit$$00000032)
    .ARM.Collect$$libinit$$00000033          0x00000158   Section        2  libinit2.o(.ARM.Collect$$libinit$$00000033)
    .ARM.Collect$$libshutdown$$00000000      0x0000015a   Section        2  libshutdown.o(.ARM.Collect$$libshutdown$$00000000)
    .ARM.Collect$$libshutdown$$00000002      0x0000015c   Section        0  libshutdown2.o(.ARM.Collect$$libshutdown$$00000002)
    .ARM.Collect$$libshutdown$$00000004      0x0000015c   Section        0  libshutdown2.o(.ARM.Collect$$libshutdown$$00000004)
    .ARM.Collect$$libshutdown$$00000007      0x0000015c   Section        0  libshutdown2.o(.ARM.Collect$$libshutdown$$00000007)
    .ARM.Collect$$libshutdown$$0000000A      0x0000015c   Section        0  libshutdown2.o(.ARM.Collect$$libshutdown$$0000000A)
    .ARM.Collect$$libshutdown$$0000000C      0x0000015c   Section        0  libshutdown2.o(.ARM.Collect$$libshutdown$$0000000C)
    .ARM.Collect$$libshutdown$$0000000F      0x0000015c   Section        0  libshutdown2.o(.ARM.Collect$$libshutdown$$0000000F)
    .ARM.Collect$$libshutdown$$00000010      0x0000015c   Section        2  libshutdown2.o(.ARM.Collect$$libshutdown$$00000010)
    .ARM.Collect$$rtentry$$00000000          0x0000015e   Section        0  __rtentry.o(.ARM.Collect$$rtentry$$00000000)
    .ARM.Collect$$rtentry$$00000002          0x0000015e   Section        0  __rtentry2.o(.ARM.Collect$$rtentry$$00000002)
    .ARM.Collect$$rtentry$$00000004          0x0000015e   Section        6  __rtentry4.o(.ARM.Collect$$rtentry$$00000004)
    .ARM.Collect$$rtentry$$00000009          0x00000164   Section        0  __rtentry2.o(.ARM.Collect$$rtentry$$00000009)
    .ARM.Collect$$rtentry$$0000000A          0x00000164   Section        4  __rtentry2.o(.ARM.Collect$$rtentry$$0000000A)
    .ARM.Collect$$rtentry$$0000000C          0x00000168   Section        0  __rtentry2.o(.ARM.Collect$$rtentry$$0000000C)
    .ARM.Collect$$rtentry$$0000000D          0x00000168   Section        8  __rtentry2.o(.ARM.Collect$$rtentry$$0000000D)
    .ARM.Collect$$rtexit$$00000000           0x00000170   Section        2  rtexit.o(.ARM.Collect$$rtexit$$00000000)
    .ARM.Collect$$rtexit$$00000002           0x00000172   Section        0  rtexit2.o(.ARM.Collect$$rtexit$$00000002)
    .ARM.Collect$$rtexit$$00000003           0x00000172   Section        4  rtexit2.o(.ARM.Collect$$rtexit$$00000003)
    .ARM.Collect$$rtexit$$00000004           0x00000176   Section        6  rtexit2.o(.ARM.Collect$$rtexit$$00000004)
    .emb_text                                0x0000017c   Section       56  rt_memcpy.o(.emb_text)
    .text                                    0x000001b4   Section       64  startup_skeaz1284.o(.text)
    .text                                    0x000001f4   Section        0  noretval__2sprintf.o(.text)
    .text                                    0x0000021c   Section        0  _printf_pad.o(.text)
    .text                                    0x0000026a   Section        0  _printf_str.o(.text)
    .text                                    0x000002bc   Section        0  _printf_dec.o(.text)
    .text                                    0x00000328   Section        0  heapauxi.o(.text)
    .text                                    0x00000330   Section        0  d2f.o(.text)
    .text                                    0x000003ac   Section        0  f2d.o(.text)
    .ARM.__at_0x400                          0x00000400   Section       16  startup_skeaz1284.o(.ARM.__at_0x400)
    .text                                    0x00000410   Section        0  __printf_flags_wp.o(.text)
    .text                                    0x00000548   Section      346  aeabi_sdiv.o(.text)
    .text                                    0x000006a4   Section        0  daddsub.o(.text)
    _dadd1                                   0x000006a5   Thumb Code   290  daddsub.o(.text)
    _dsub1                                   0x000007c7   Thumb Code   470  daddsub.o(.text)
    .text                                    0x000009fc   Section        0  ddiv.o(.text)
    .text                                    0x00000e44   Section        0  dflti.o(.text)
    .text                                    0x00000e9c   Section        0  dmul.o(.text)
    .text                                    0x000010e4   Section        0  fflti.o(.text)
    .text                                    0x00001142   Section        0  _printf_intcommon.o(.text)
    .text                                    0x000011f4   Section        0  _printf_char_common.o(.text)
    _printf_input_char                       0x000011f5   Thumb Code    10  _printf_char_common.o(.text)
    .text                                    0x00001224   Section        0  _sputc.o(.text)
    .text                                    0x0000122e   Section        0  _printf_char.o(.text)
    .text                                    0x0000125c   Section        0  rtudiv10.o(.text)
    .text                                    0x00001284   Section       62  sys_stackheap_outer.o(.text)
    .text                                    0x000012c2   Section        0  exit.o(.text)
    .text                                    0x000012d4   Section        8  libspace.o(.text)
    .text                                    0x000012dc   Section        0  sys_exit.o(.text)
    .text                                    0x000012e8   Section        2  use_no_semi.o(.text)
    .text                                    0x000012ea   Section        0  indicate_semi.o(.text)
    i.ADC_Init                               0x000012ec   Section        0  adc.o(i.ADC_Init)
    i.FTM0_IRQHandler                        0x00001320   Section        0  isr.o(i.FTM0_IRQHandler)
    i.FTM1_IRQHandler                        0x00001338   Section        0  isr.o(i.FTM1_IRQHandler)
    i.FTM2_IRQHandler                        0x00001350   Section        0  isr.o(i.FTM2_IRQHandler)
    i.FTM_PWM_Duty                           0x00001368   Section        0  ftm.o(i.FTM_PWM_Duty)
    i.FTM_PWM_init                           0x000013f4   Section        0  ftm.o(i.FTM_PWM_init)
    i.FTM_count_get                          0x000016e4   Section        0  ftm.o(i.FTM_count_get)
    i.FTM_init                               0x000016f8   Section        0  system.o(i.FTM_init)
    i.KBI0_IRQHandler                        0x00001750   Section        0  isr.o(i.KBI0_IRQHandler)
    i.KBI1_IRQHandler                        0x0000177c   Section        0  isr.o(i.KBI1_IRQHandler)
    i.LCD_P6x8Str                            0x000017a8   Section        0  lq12864.o(i.LCD_P6x8Str)
    i.LCD_Set_Pos                            0x00001808   Section        0  lq12864.o(i.LCD_Set_Pos)
    i.LCD_WrCmd                              0x00001830   Section        0  lq12864.o(i.LCD_WrCmd)
    i.LCD_WrDat                              0x000018bc   Section        0  lq12864.o(i.LCD_WrDat)
    i.LED_Ctrl                               0x0000194c   Section        0  lqled.o(i.LED_Ctrl)
    i.LED_Init                               0x00001b54   Section        0  lqled.o(i.LED_Init)
    i.Motor_spd                              0x00001b8a   Section        0  motor.o(i.Motor_spd)
    i.Motor_speedL                           0x00001b9e   Section        0  motor.o(i.Motor_speedL)
    i.Motor_speedR                           0x00001c00   Section        0  motor.o(i.Motor_speedR)
    i.PIT_CH0_IRQHandler                     0x00001c64   Section        0  isr.o(i.PIT_CH0_IRQHandler)
    i.PIT_CH1_IRQHandler                     0x00001c80   Section        0  spit.o(i.PIT_CH1_IRQHandler)
    i.RTC_IRQHandler                         0x00001cf4   Section        0  isr.o(i.RTC_IRQHandler)
    i.SysTick_delay                          0x00001d9c   Section        0  systick.o(i.SysTick_delay)
    i.SystemInit                             0x00001dc4   Section        0  system_skeaz1284.o(i.SystemInit)
    i.UART0_IRQHandler                       0x00001e1c   Section        0  isr.o(i.UART0_IRQHandler)
    i.UART1_IRQHandler                       0x00001e54   Section        0  isr.o(i.UART1_IRQHandler)
    i.UART2_IRQHandler                       0x00001e8c   Section        0  isr.o(i.UART2_IRQHandler)
    i.Uart_GetChar                           0x00001ec4   Section        0  uart.o(i.Uart_GetChar)
    i.Uart_SendChar                          0x00001ee8   Section        0  uart.o(i.Uart_SendChar)
    i.Uart_SendString                        0x00001f08   Section        0  uart.o(i.Uart_SendString)
    i.__ARM_common_switch8                   0x00001f26   Section        0  lqkey.o(i.__ARM_common_switch8)
    i._is_digit                              0x00001f42   Section        0  __printf_wp.o(i._is_digit)
    i.adc_ave                                0x00001f50   Section        0  adc.o(i.adc_ave)
    i.adc_once                               0x00001f7c   Section        0  adc.o(i.adc_once)
    i.assert_failed                          0x00001fb4   Section        0  assert.o(i.assert_failed)
    i.delay_us                               0x00001fd0   Section        0  systick.o(i.delay_us)
    i.gpio_init                              0x00001fe0   Section        0  gpio.o(i.gpio_init)
    i.gpio_set                               0x00002058   Section        0  gpio.o(i.gpio_set)
    i.gpio_turn                              0x000020a4   Section        0  gpio.o(i.gpio_turn)
    i.main                                   0x000020c8   Section        0  main.o(i.main)
    i.time_delay_ms                          0x000021d4   Section        0  lqled.o(i.time_delay_ms)
    i.uart_init                              0x000021f0   Section        0  uart.o(i.uart_init)
    .constdata                               0x00002320   Section       30  isr.o(.constdata)
    x$fpl$usenofp                            0x00002320   Section        0  usenofp.o(x$fpl$usenofp)
    .constdata                               0x0000233e   Section     5185  lq12864.o(.constdata)
    .constdata                               0x00003780   Section       18  main.o(.constdata)
    .constdata                               0x00003792   Section       17  __printf_flags_wp.o(.constdata)
    maptable                                 0x00003792   Data          17  __printf_flags_wp.o(.constdata)
    .constdata                               0x000037a3   Section      128  ddiv.o(.constdata)
    ddiv_reciptbl                            0x000037a3   Data         128  ddiv.o(.constdata)
    .data                                    0x1ffff000   Section        3  isr.o(.data)
    .data                                    0x1ffff004   Section       12  ftm.o(.data)
    .data                                    0x1ffff010   Section       12  gpio.o(.data)
    .data                                    0x1ffff01c   Section       12  uart.o(.data)
    .data                                    0x1ffff028   Section        4  spit.o(.data)
    .bss                                     0x1ffff02c   Section       48  deal.o(.bss)
    .bss                                     0x1ffff05c   Section       96  libspace.o(.bss)
    HEAP                                     0x1ffff0c0   Section        0  startup_skeaz1284.o(HEAP)
    STACK                                    0x1ffff0c0   Section      256  startup_skeaz1284.o(STACK)
    Heap_Mem                                 0x1ffff0c0   Data           0  startup_skeaz1284.o(HEAP)
    Stack_Mem                                0x1ffff0c0   Data         256  startup_skeaz1284.o(STACK)
    __initial_sp                             0x1ffff1c0   Data           0  startup_skeaz1284.o(STACK)

    Global Symbols

    Symbol Name                              Value     Ov Type        Size  Object(Section)

    BuildAttributes$$THM_ISAv3M$S$PE$A:L22$X:L11$S22$IEEE1$IW$USESV6$~STKCKD$USESV7$~SHL$OSPACE$ROPI$EBA8$UX$STANDARDLIB$REQ8$PRES8$EABIv2 0x00000000   Number         0  anon$$obj.o ABSOLUTE
    __ARM_use_no_argv                        0x00000000   Number         0  main.o ABSOLUTE
    __Vectors                                0x00000000   Data           4  startup_skeaz1284.o(RESET)
    _printf_flags                            0x00000000   Number         0  printf_stubs.o ABSOLUTE
    _printf_return_value                     0x00000000   Number         0  printf_stubs.o ABSOLUTE
    _printf_sizespec                         0x00000000   Number         0  printf_stubs.o ABSOLUTE
    _printf_widthprec                        0x00000000   Number         0  printf_stubs.o ABSOLUTE
    __ARM_exceptions_init                     - Undefined Weak Reference
    __alloca_initialize                       - Undefined Weak Reference
    __arm_preinit_                            - Undefined Weak Reference
    __cpp_initialize__aeabi_                  - Undefined Weak Reference
    __cxa_finalize                            - Undefined Weak Reference
    __rt_locale                               - Undefined Weak Reference
    __sigvec_lookup                           - Undefined Weak Reference
    _atexit_init                              - Undefined Weak Reference
    _call_atexit_fns                          - Undefined Weak Reference
    _clock_init                               - Undefined Weak Reference
    _fp_trap_init                             - Undefined Weak Reference
    _fp_trap_shutdown                         - Undefined Weak Reference
    _get_lc_collate                           - Undefined Weak Reference
    _get_lc_ctype                             - Undefined Weak Reference
    _get_lc_monetary                          - Undefined Weak Reference
    _get_lc_numeric                           - Undefined Weak Reference
    _get_lc_time                              - Undefined Weak Reference
    _getenv_init                              - Undefined Weak Reference
    _handle_redirection                       - Undefined Weak Reference
    _init_alloc                               - Undefined Weak Reference
    _init_user_alloc                          - Undefined Weak Reference
    _initio                                   - Undefined Weak Reference
    _printf_mbtowc                            - Undefined Weak Reference
    _printf_truncate_signed                   - Undefined Weak Reference
    _printf_truncate_unsigned                 - Undefined Weak Reference
    _rand_init                                - Undefined Weak Reference
    _signal_finish                            - Undefined Weak Reference
    _signal_init                              - Undefined Weak Reference
    _terminate_alloc                          - Undefined Weak Reference
    _terminate_user_alloc                     - Undefined Weak Reference
    _terminateio                              - Undefined Weak Reference
    __Vectors_End                            0x000000c0   Data           0  startup_skeaz1284.o(RESET)
    __Vectors_Size                           0x000000c0   Number         0  startup_skeaz1284.o ABSOLUTE
    __main                                   0x000000c1   Thumb Code     8  __main.o(!!!main)
    __scatterload                            0x000000c9   Thumb Code     0  __scatter.o(!!!scatter)
    __scatterload_rt2                        0x000000c9   Thumb Code    52  __scatter.o(!!!scatter)
    __scatterload_rt2_thumb_only             0x000000c9   Thumb Code     0  __scatter.o(!!!scatter)
    __scatterload_null                       0x000000d9   Thumb Code     0  __scatter.o(!!!scatter)
    __scatterload_copy                       0x00000105   Thumb Code    26  __scatter_copy.o(!!handler_copy)
    __scatterload_zeroinit                   0x00000121   Thumb Code    28  __scatter_zi.o(!!handler_zi)
    _printf_percent                          0x0000013d   Thumb Code     0  _printf_percent.o(.ARM.Collect$$_printf_percent$$00000000)
    _printf_d                                0x0000013f   Thumb Code     0  _printf_d.o(.ARM.Collect$$_printf_percent$$00000009)
    _printf_c                                0x00000149   Thumb Code     0  _printf_c.o(.ARM.Collect$$_printf_percent$$00000013)
    _printf_percent_end                      0x00000153   Thumb Code     0  _printf_percent_end.o(.ARM.Collect$$_printf_percent$$00000017)
    __rt_lib_init                            0x00000157   Thumb Code     0  libinit.o(.ARM.Collect$$libinit$$00000000)
    __rt_lib_init_alloca_1                   0x00000159   Thumb Code     0  libinit2.o(.ARM.Collect$$libinit$$0000002E)
    __rt_lib_init_argv_1                     0x00000159   Thumb Code     0  libinit2.o(.ARM.Collect$$libinit$$0000002C)
    __rt_lib_init_atexit_1                   0x00000159   Thumb Code     0  libinit2.o(.ARM.Collect$$libinit$$0000001B)
    __rt_lib_init_clock_1                    0x00000159   Thumb Code     0  libinit2.o(.ARM.Collect$$libinit$$00000021)
    __rt_lib_init_cpp_1                      0x00000159   Thumb Code     0  libinit2.o(.ARM.Collect$$libinit$$00000032)
    __rt_lib_init_exceptions_1               0x00000159   Thumb Code     0  libinit2.o(.ARM.Collect$$libinit$$00000030)
    __rt_lib_init_fp_1                       0x00000159   Thumb Code     0  libinit2.o(.ARM.Collect$$libinit$$00000002)
    __rt_lib_init_fp_trap_1                  0x00000159   Thumb Code     0  libinit2.o(.ARM.Collect$$libinit$$0000001F)
    __rt_lib_init_getenv_1                   0x00000159   Thumb Code     0  libinit2.o(.ARM.Collect$$libinit$$00000023)
    __rt_lib_init_heap_1                     0x00000159   Thumb Code     0  libinit2.o(.ARM.Collect$$libinit$$0000000A)
    __rt_lib_init_lc_collate_1               0x00000159   Thumb Code     0  libinit2.o(.ARM.Collect$$libinit$$00000011)
    __rt_lib_init_lc_ctype_1                 0x00000159   Thumb Code     0  libinit2.o(.ARM.Collect$$libinit$$00000013)
    __rt_lib_init_lc_monetary_1              0x00000159   Thumb Code     0  libinit2.o(.ARM.Collect$$libinit$$00000015)
    __rt_lib_init_lc_numeric_1               0x00000159   Thumb Code     0  libinit2.o(.ARM.Collect$$libinit$$00000017)
    __rt_lib_init_lc_time_1                  0x00000159   Thumb Code     0  libinit2.o(.ARM.Collect$$libinit$$00000019)
    __rt_lib_init_preinit_1                  0x00000159   Thumb Code     0  libinit2.o(.ARM.Collect$$libinit$$00000004)
    __rt_lib_init_rand_1                     0x00000159   Thumb Code     0  libinit2.o(.ARM.Collect$$libinit$$0000000E)
    __rt_lib_init_return                     0x00000159   Thumb Code     0  libinit2.o(.ARM.Collect$$libinit$$00000033)
    __rt_lib_init_signal_1                   0x00000159   Thumb Code     0  libinit2.o(.ARM.Collect$$libinit$$0000001D)
    __rt_lib_init_stdio_1                    0x00000159   Thumb Code     0  libinit2.o(.ARM.Collect$$libinit$$00000025)
    __rt_lib_init_user_alloc_1               0x00000159   Thumb Code     0  libinit2.o(.ARM.Collect$$libinit$$0000000C)
    __rt_lib_shutdown                        0x0000015b   Thumb Code     0  libshutdown.o(.ARM.Collect$$libshutdown$$00000000)
    __rt_lib_shutdown_cpp_1                  0x0000015d   Thumb Code     0  libshutdown2.o(.ARM.Collect$$libshutdown$$00000002)
    __rt_lib_shutdown_fp_trap_1              0x0000015d   Thumb Code     0  libshutdown2.o(.ARM.Collect$$libshutdown$$00000007)
    __rt_lib_shutdown_heap_1                 0x0000015d   Thumb Code     0  libshutdown2.o(.ARM.Collect$$libshutdown$$0000000F)
    __rt_lib_shutdown_return                 0x0000015d   Thumb Code     0  libshutdown2.o(.ARM.Collect$$libshutdown$$00000010)
    __rt_lib_shutdown_signal_1               0x0000015d   Thumb Code     0  libshutdown2.o(.ARM.Collect$$libshutdown$$0000000A)
    __rt_lib_shutdown_stdio_1                0x0000015d   Thumb Code     0  libshutdown2.o(.ARM.Collect$$libshutdown$$00000004)
    __rt_lib_shutdown_user_alloc_1           0x0000015d   Thumb Code     0  libshutdown2.o(.ARM.Collect$$libshutdown$$0000000C)
    __rt_entry                               0x0000015f   Thumb Code     0  __rtentry.o(.ARM.Collect$$rtentry$$00000000)
    __rt_entry_presh_1                       0x0000015f   Thumb Code     0  __rtentry2.o(.ARM.Collect$$rtentry$$00000002)
    __rt_entry_sh                            0x0000015f   Thumb Code     0  __rtentry4.o(.ARM.Collect$$rtentry$$00000004)
    __rt_entry_li                            0x00000165   Thumb Code     0  __rtentry2.o(.ARM.Collect$$rtentry$$0000000A)
    __rt_entry_postsh_1                      0x00000165   Thumb Code     0  __rtentry2.o(.ARM.Collect$$rtentry$$00000009)
    __rt_entry_main                          0x00000169   Thumb Code     0  __rtentry2.o(.ARM.Collect$$rtentry$$0000000D)
    __rt_entry_postli_1                      0x00000169   Thumb Code     0  __rtentry2.o(.ARM.Collect$$rtentry$$0000000C)
    __rt_exit                                0x00000171   Thumb Code     0  rtexit.o(.ARM.Collect$$rtexit$$00000000)
    __rt_exit_ls                             0x00000173   Thumb Code     0  rtexit2.o(.ARM.Collect$$rtexit$$00000003)
    __rt_exit_prels_1                        0x00000173   Thumb Code     0  rtexit2.o(.ARM.Collect$$rtexit$$00000002)
    __rt_exit_exit                           0x00000177   Thumb Code     0  rtexit2.o(.ARM.Collect$$rtexit$$00000004)
    __aeabi_memcpy4                          0x0000017d   Thumb Code    56  rt_memcpy.o(.emb_text)
    __aeabi_memcpy8                          0x0000017d   Thumb Code     0  rt_memcpy.o(.emb_text)
    init_data_bss                            0x000001b5   Thumb Code     2  startup_skeaz1284.o(.text)
    Reset_Handler                            0x000001b7   Thumb Code    12  startup_skeaz1284.o(.text)
    NMI_Handler                              0x000001c3   Thumb Code     2  startup_skeaz1284.o(.text)
    HardFault_Handler                        0x000001c5   Thumb Code     2  startup_skeaz1284.o(.text)
    SVC_Handler                              0x000001c7   Thumb Code     2  startup_skeaz1284.o(.text)
    PendSV_Handler                           0x000001c9   Thumb Code     2  startup_skeaz1284.o(.text)
    SysTick_Handler                          0x000001cb   Thumb Code     2  startup_skeaz1284.o(.text)
    ACMP0_IRQHandler                         0x000001cd   Thumb Code     0  startup_skeaz1284.o(.text)
    ACMP1_IRQHandler                         0x000001cd   Thumb Code     0  startup_skeaz1284.o(.text)
    ADC_IRQHandler                           0x000001cd   Thumb Code     0  startup_skeaz1284.o(.text)
    DefaultISR                               0x000001cd   Thumb Code     0  startup_skeaz1284.o(.text)
    FTMRE_IRQHandler                         0x000001cd   Thumb Code     0  startup_skeaz1284.o(.text)
    I2C0_IRQHandler                          0x000001cd   Thumb Code     0  startup_skeaz1284.o(.text)
    I2C1_IRQHandler                          0x000001cd   Thumb Code     0  startup_skeaz1284.o(.text)
    ICS_IRQHandler                           0x000001cd   Thumb Code     0  startup_skeaz1284.o(.text)
    IRQ_IRQHandler                           0x000001cd   Thumb Code     0  startup_skeaz1284.o(.text)
    MSCAN_RX_IRQHandler                      0x000001cd   Thumb Code     0  startup_skeaz1284.o(.text)
    MSCAN_TX_IRQHandler                      0x000001cd   Thumb Code     0  startup_skeaz1284.o(.text)
    PMC_IRQHandler                           0x000001cd   Thumb Code     0  startup_skeaz1284.o(.text)
    PWT_IRQHandler                           0x000001cd   Thumb Code     0  startup_skeaz1284.o(.text)
    Reserved16_IRQHandler                    0x000001cd   Thumb Code     0  startup_skeaz1284.o(.text)
    Reserved17_IRQHandler                    0x000001cd   Thumb Code     0  startup_skeaz1284.o(.text)
    Reserved18_IRQHandler                    0x000001cd   Thumb Code     0  startup_skeaz1284.o(.text)
    Reserved19_IRQHandler                    0x000001cd   Thumb Code     0  startup_skeaz1284.o(.text)
    Reserved20_IRQHandler                    0x000001cd   Thumb Code     0  startup_skeaz1284.o(.text)
    Reserved42_IRQHandler                    0x000001cd   Thumb Code     0  startup_skeaz1284.o(.text)
    SPI0_IRQHandler                          0x000001cd   Thumb Code     0  startup_skeaz1284.o(.text)
    SPI1_IRQHandler                          0x000001cd   Thumb Code     0  startup_skeaz1284.o(.text)
    WDOG_IRQHandler                          0x000001cd   Thumb Code     0  startup_skeaz1284.o(.text)
    __user_initial_stackheap                 0x000001d1   Thumb Code     0  startup_skeaz1284.o(.text)
    __2sprintf                               0x000001f5   Thumb Code    36  noretval__2sprintf.o(.text)
    _printf_pre_padding                      0x0000021d   Thumb Code    44  _printf_pad.o(.text)
    _printf_post_padding                     0x00000249   Thumb Code    34  _printf_pad.o(.text)
    _printf_str                              0x0000026b   Thumb Code    82  _printf_str.o(.text)
    _printf_int_dec                          0x000002bd   Thumb Code    90  _printf_dec.o(.text)
    __use_two_region_memory                  0x00000329   Thumb Code     2  heapauxi.o(.text)
    __rt_heap_escrow$2region                 0x0000032b   Thumb Code     2  heapauxi.o(.text)
    __rt_heap_expand$2region                 0x0000032d   Thumb Code     2  heapauxi.o(.text)
    __aeabi_d2f                              0x00000331   Thumb Code     0  d2f.o(.text)
    _d2f                                     0x00000331   Thumb Code   120  d2f.o(.text)
    __aeabi_f2d                              0x000003ad   Thumb Code     0  f2d.o(.text)
    _f2d                                     0x000003ad   Thumb Code    80  f2d.o(.text)
    __printf                                 0x00000411   Thumb Code   306  __printf_flags_wp.o(.text)
    __aeabi_uidiv                            0x00000549   Thumb Code     0  aeabi_sdiv.o(.text)
    __aeabi_uidivmod                         0x00000549   Thumb Code    20  aeabi_sdiv.o(.text)
    __aeabi_idiv                             0x0000055d   Thumb Code     0  aeabi_sdiv.o(.text)
    __aeabi_idivmod                          0x0000055d   Thumb Code   326  aeabi_sdiv.o(.text)
    __aeabi_dadd                             0x0000099d   Thumb Code     0  daddsub.o(.text)
    _dadd                                    0x0000099d   Thumb Code    26  daddsub.o(.text)
    __aeabi_dsub                             0x000009b7   Thumb Code     0  daddsub.o(.text)
    _dsub                                    0x000009b7   Thumb Code    22  daddsub.o(.text)
    __aeabi_drsub                            0x000009cd   Thumb Code     0  daddsub.o(.text)
    _drsb                                    0x000009cd   Thumb Code    28  daddsub.o(.text)
    __aeabi_ddiv                             0x000009fd   Thumb Code     0  ddiv.o(.text)
    _ddiv                                    0x000009fd   Thumb Code  1072  ddiv.o(.text)
    _drdiv                                   0x00000e2d   Thumb Code    20  ddiv.o(.text)
    __aeabi_i2d_normalise                    0x00000e45   Thumb Code    66  dflti.o(.text)
    __aeabi_i2d                              0x00000e87   Thumb Code    16  dflti.o(.text)
    _dflt                                    0x00000e87   Thumb Code     0  dflti.o(.text)
    __aeabi_ui2d                             0x00000e97   Thumb Code     6  dflti.o(.text)
    _dfltu                                   0x00000e97   Thumb Code     0  dflti.o(.text)
    __aeabi_dmul                             0x00000e9d   Thumb Code     0  dmul.o(.text)
    _dmul                                    0x00000e9d   Thumb Code   558  dmul.o(.text)
    __aeabi_i2f_normalise                    0x000010e5   Thumb Code    72  fflti.o(.text)
    __aeabi_i2f                              0x0000112d   Thumb Code    16  fflti.o(.text)
    _fflt                                    0x0000112d   Thumb Code     0  fflti.o(.text)
    __aeabi_ui2f                             0x0000113d   Thumb Code     6  fflti.o(.text)
    _ffltu                                   0x0000113d   Thumb Code     0  fflti.o(.text)
    _printf_int_common                       0x00001143   Thumb Code   176  _printf_intcommon.o(.text)
    _printf_char_common                      0x000011ff   Thumb Code    32  _printf_char_common.o(.text)
    _sputc                                   0x00001225   Thumb Code    10  _sputc.o(.text)
    _printf_cs_common                        0x0000122f   Thumb Code    22  _printf_char.o(.text)
    _printf_char                             0x00001245   Thumb Code    16  _printf_char.o(.text)
    _printf_string                           0x00001255   Thumb Code     8  _printf_char.o(.text)
    __rt_udiv10                              0x0000125d   Thumb Code    40  rtudiv10.o(.text)
    __user_setup_stackheap                   0x00001285   Thumb Code    62  sys_stackheap_outer.o(.text)
    exit                                     0x000012c3   Thumb Code    16  exit.o(.text)
    __user_libspace                          0x000012d5   Thumb Code     8  libspace.o(.text)
    __user_perproc_libspace                  0x000012d5   Thumb Code     0  libspace.o(.text)
    __user_perthread_libspace                0x000012d5   Thumb Code     0  libspace.o(.text)
    _sys_exit                                0x000012dd   Thumb Code     8  sys_exit.o(.text)
    __I$use$semihosting                      0x000012e9   Thumb Code     0  use_no_semi.o(.text)
    __use_no_semihosting_swi                 0x000012e9   Thumb Code     2  use_no_semi.o(.text)
    __semihosting_library_function           0x000012eb   Thumb Code     0  indicate_semi.o(.text)
    ADC_Init                                 0x000012ed   Thumb Code    44  adc.o(i.ADC_Init)
    FTM0_IRQHandler                          0x00001321   Thumb Code    18  isr.o(i.FTM0_IRQHandler)
    FTM1_IRQHandler                          0x00001339   Thumb Code    18  isr.o(i.FTM1_IRQHandler)
    FTM2_IRQHandler                          0x00001351   Thumb Code    18  isr.o(i.FTM2_IRQHandler)
    FTM_PWM_Duty                             0x00001369   Thumb Code   120  ftm.o(i.FTM_PWM_Duty)
    FTM_PWM_init                             0x000013f5   Thumb Code   718  ftm.o(i.FTM_PWM_init)
    FTM_count_get                            0x000016e5   Thumb Code    14  ftm.o(i.FTM_count_get)
    FTM_init                                 0x000016f9   Thumb Code    84  system.o(i.FTM_init)
    KBI0_IRQHandler                          0x00001751   Thumb Code    40  isr.o(i.KBI0_IRQHandler)
    KBI1_IRQHandler                          0x0000177d   Thumb Code    40  isr.o(i.KBI1_IRQHandler)
    LCD_P6x8Str                              0x000017a9   Thumb Code    92  lq12864.o(i.LCD_P6x8Str)
    LCD_Set_Pos                              0x00001809   Thumb Code    40  lq12864.o(i.LCD_Set_Pos)
    LCD_WrCmd                                0x00001831   Thumb Code   136  lq12864.o(i.LCD_WrCmd)
    LCD_WrDat                                0x000018bd   Thumb Code   138  lq12864.o(i.LCD_WrDat)
    LED_Ctrl                                 0x0000194d   Thumb Code   514  lqled.o(i.LED_Ctrl)
    LED_Init                                 0x00001b55   Thumb Code    54  lqled.o(i.LED_Init)
    Motor_spd                                0x00001b8b   Thumb Code    20  motor.o(i.Motor_spd)
    Motor_speedL                             0x00001b9f   Thumb Code    98  motor.o(i.Motor_speedL)
    Motor_speedR                             0x00001c01   Thumb Code    98  motor.o(i.Motor_speedR)
    PIT_CH0_IRQHandler                       0x00001c65   Thumb Code    24  isr.o(i.PIT_CH0_IRQHandler)
    PIT_CH1_IRQHandler                       0x00001c81   Thumb Code    88  spit.o(i.PIT_CH1_IRQHandler)
    RTC_IRQHandler                           0x00001cf5   Thumb Code   128  isr.o(i.RTC_IRQHandler)
    SysTick_delay                            0x00001d9d   Thumb Code    36  systick.o(i.SysTick_delay)
    SystemInit                               0x00001dc5   Thumb Code    68  system_skeaz1284.o(i.SystemInit)
    UART0_IRQHandler                         0x00001e1d   Thumb Code    38  isr.o(i.UART0_IRQHandler)
    UART1_IRQHandler                         0x00001e55   Thumb Code    38  isr.o(i.UART1_IRQHandler)
    UART2_IRQHandler                         0x00001e8d   Thumb Code    38  isr.o(i.UART2_IRQHandler)
    Uart_GetChar                             0x00001ec5   Thumb Code    30  uart.o(i.Uart_GetChar)
    Uart_SendChar                            0x00001ee9   Thumb Code    28  uart.o(i.Uart_SendChar)
    Uart_SendString                          0x00001f09   Thumb Code    30  uart.o(i.Uart_SendString)
    __ARM_common_switch8                     0x00001f27   Thumb Code    28  lqkey.o(i.__ARM_common_switch8)
    _is_digit                                0x00001f43   Thumb Code    14  __printf_wp.o(i._is_digit)
    adc_ave                                  0x00001f51   Thumb Code    44  adc.o(i.adc_ave)
    adc_once                                 0x00001f7d   Thumb Code    50  adc.o(i.adc_once)
    assert_failed                            0x00001fb5   Thumb Code    24  assert.o(i.assert_failed)
    delay_us                                 0x00001fd1   Thumb Code    16  systick.o(i.delay_us)
    gpio_init                                0x00001fe1   Thumb Code   114  gpio.o(i.gpio_init)
    gpio_set                                 0x00002059   Thumb Code    70  gpio.o(i.gpio_set)
    gpio_turn                                0x000020a5   Thumb Code    32  gpio.o(i.gpio_turn)
    main                                     0x000020c9   Thumb Code   262  main.o(i.main)
    time_delay_ms                            0x000021d5   Thumb Code    26  lqled.o(i.time_delay_ms)
    uart_init                                0x000021f1   Thumb Code   286  uart.o(i.uart_init)
    __I$use$fp                               0x00002320   Number         0  usenofp.o(x$fpl$usenofp)
    F6x8                                     0x0000233e   Data         552  lq12864.o(.constdata)
    F14x16_Idx                               0x00002566   Data         153  lq12864.o(.constdata)
    F14x16                                   0x000025ff   Data        2128  lq12864.o(.constdata)
    F8X16                                    0x00002e4f   Data        1520  lq12864.o(.constdata)
    longqiu104x64                            0x0000343f   Data         832  lq12864.o(.constdata)
    Region$$Table$$Base                      0x00003824   Number         0  anon$$obj.o(Region$$Table)
    Region$$Table$$Limit                     0x00003844   Number         0  anon$$obj.o(Region$$Table)
    Sec                                      0x1ffff000   Data           1  isr.o(.data)
    Min                                      0x1ffff001   Data           1  isr.o(.data)
    Hour                                     0x1ffff002   Data           1  isr.o(.data)
    FTMx                                     0x1ffff004   Data          12  ftm.o(.data)
    GPIOx                                    0x1ffff010   Data          12  gpio.o(.data)
    UARTx                                    0x1ffff01c   Data          12  uart.o(.data)
    feedback                                 0x1ffff028   Data           4  spit.o(.data)
    ADvalue                                  0x1ffff02c   Data          10  deal.o(.bss)
    kp                                       0x1ffff038   Data          12  deal.o(.bss)
    ki                                       0x1ffff044   Data          12  deal.o(.bss)
    kd                                       0x1ffff050   Data          12  deal.o(.bss)
    __libspace_start                         0x1ffff05c   Data          96  libspace.o(.bss)
    __temporary_stack_top$libspace           0x1ffff0bc   Data           0  libspace.o(.bss)



==============================================================================

Memory Map of the image

  Image Entry point : 0x000000c1

  Load Region LR_IROM1 (Base: 0x00000000, Size: 0x00003870, Max: 0x00020000, ABSOLUTE)

    Execution Region ER_IROM1 (Exec base: 0x00000000, Load base: 0x00000000, Size: 0x00003844, Max: 0x00020000, ABSOLUTE)

    Exec Addr    Load Addr    Size         Type   Attr      Idx    E Section Name        Object

    0x00000000   0x00000000   0x000000c0   Data   RO         1806    RESET               startup_skeaz1284.o
    0x000000c0   0x000000c0   0x00000008   Code   RO         2067  * !!!main             c_p.l(__main.o)
    0x000000c8   0x000000c8   0x0000003c   Code   RO         2285    !!!scatter          c_p.l(__scatter.o)
    0x00000104   0x00000104   0x0000001a   Code   RO         2287    !!handler_copy      c_p.l(__scatter_copy.o)
    0x0000011e   0x0000011e   0x00000002   PAD
    0x00000120   0x00000120   0x0000001c   Code   RO         2289    !!handler_zi        c_p.l(__scatter_zi.o)
    0x0000013c   0x0000013c   0x00000002   Code   RO         2054    .ARM.Collect$$_printf_percent$$00000000  c_p.l(_printf_percent.o)
    0x0000013e   0x0000013e   0x0000000a   Code   RO         2053    .ARM.Collect$$_printf_percent$$00000009  c_p.l(_printf_d.o)
    0x00000148   0x00000148   0x0000000a   Code   RO         2052    .ARM.Collect$$_printf_percent$$00000013  c_p.l(_printf_c.o)
    0x00000152   0x00000152   0x00000004   Code   RO         2109    .ARM.Collect$$_printf_percent$$00000017  c_p.l(_printf_percent_end.o)
    0x00000156   0x00000156   0x00000002   Code   RO         2152    .ARM.Collect$$libinit$$00000000  c_p.l(libinit.o)
    0x00000158   0x00000158   0x00000000   Code   RO         2168    .ARM.Collect$$libinit$$00000002  c_p.l(libinit2.o)
    0x00000158   0x00000158   0x00000000   Code   RO         2170    .ARM.Collect$$libinit$$00000004  c_p.l(libinit2.o)
    0x00000158   0x00000158   0x00000000   Code   RO         2173    .ARM.Collect$$libinit$$0000000A  c_p.l(libinit2.o)
    0x00000158   0x00000158   0x00000000   Code   RO         2175    .ARM.Collect$$libinit$$0000000C  c_p.l(libinit2.o)
    0x00000158   0x00000158   0x00000000   Code   RO         2177    .ARM.Collect$$libinit$$0000000E  c_p.l(libinit2.o)
    0x00000158   0x00000158   0x00000000   Code   RO         2180    .ARM.Collect$$libinit$$00000011  c_p.l(libinit2.o)
    0x00000158   0x00000158   0x00000000   Code   RO         2182    .ARM.Collect$$libinit$$00000013  c_p.l(libinit2.o)
    0x00000158   0x00000158   0x00000000   Code   RO         2184    .ARM.Collect$$libinit$$00000015  c_p.l(libinit2.o)
    0x00000158   0x00000158   0x00000000   Code   RO         2186    .ARM.Collect$$libinit$$00000017  c_p.l(libinit2.o)
    0x00000158   0x00000158   0x00000000   Code   RO         2188    .ARM.Collect$$libinit$$00000019  c_p.l(libinit2.o)
    0x00000158   0x00000158   0x00000000   Code   RO         2190    .ARM.Collect$$libinit$$0000001B  c_p.l(libinit2.o)
    0x00000158   0x00000158   0x00000000   Code   RO         2192    .ARM.Collect$$libinit$$0000001D  c_p.l(libinit2.o)
    0x00000158   0x00000158   0x00000000   Code   RO         2194    .ARM.Collect$$libinit$$0000001F  c_p.l(libinit2.o)
    0x00000158   0x00000158   0x00000000   Code   RO         2196    .ARM.Collect$$libinit$$00000021  c_p.l(libinit2.o)
    0x00000158   0x00000158   0x00000000   Code   RO         2198    .ARM.Collect$$libinit$$00000023  c_p.l(libinit2.o)
    0x00000158   0x00000158   0x00000000   Code   RO         2200    .ARM.Collect$$libinit$$00000025  c_p.l(libinit2.o)
    0x00000158   0x00000158   0x00000000   Code   RO         2204    .ARM.Collect$$libinit$$0000002C  c_p.l(libinit2.o)
    0x00000158   0x00000158   0x00000000   Code   RO         2206    .ARM.Collect$$libinit$$0000002E  c_p.l(libinit2.o)
    0x00000158   0x00000158   0x00000000   Code   RO         2208    .ARM.Collect$$libinit$$00000030  c_p.l(libinit2.o)
    0x00000158   0x00000158   0x00000000   Code   RO         2210    .ARM.Collect$$libinit$$00000032  c_p.l(libinit2.o)
    0x00000158   0x00000158   0x00000002   Code   RO         2211    .ARM.Collect$$libinit$$00000033  c_p.l(libinit2.o)
    0x0000015a   0x0000015a   0x00000002   Code   RO         2242    .ARM.Collect$$libshutdown$$00000000  c_p.l(libshutdown.o)
    0x0000015c   0x0000015c   0x00000000   Code   RO         2268    .ARM.Collect$$libshutdown$$00000002  c_p.l(libshutdown2.o)
    0x0000015c   0x0000015c   0x00000000   Code   RO         2270    .ARM.Collect$$libshutdown$$00000004  c_p.l(libshutdown2.o)
    0x0000015c   0x0000015c   0x00000000   Code   RO         2273    .ARM.Collect$$libshutdown$$00000007  c_p.l(libshutdown2.o)
    0x0000015c   0x0000015c   0x00000000   Code   RO         2276    .ARM.Collect$$libshutdown$$0000000A  c_p.l(libshutdown2.o)
    0x0000015c   0x0000015c   0x00000000   Code   RO         2278    .ARM.Collect$$libshutdown$$0000000C  c_p.l(libshutdown2.o)
    0x0000015c   0x0000015c   0x00000000   Code   RO         2281    .ARM.Collect$$libshutdown$$0000000F  c_p.l(libshutdown2.o)
    0x0000015c   0x0000015c   0x00000002   Code   RO         2282    .ARM.Collect$$libshutdown$$00000010  c_p.l(libshutdown2.o)
    0x0000015e   0x0000015e   0x00000000   Code   RO         2096    .ARM.Collect$$rtentry$$00000000  c_p.l(__rtentry.o)
    0x0000015e   0x0000015e   0x00000000   Code   RO         2116    .ARM.Collect$$rtentry$$00000002  c_p.l(__rtentry2.o)
    0x0000015e   0x0000015e   0x00000006   Code   RO         2128    .ARM.Collect$$rtentry$$00000004  c_p.l(__rtentry4.o)
    0x00000164   0x00000164   0x00000000   Code   RO         2118    .ARM.Collect$$rtentry$$00000009  c_p.l(__rtentry2.o)
    0x00000164   0x00000164   0x00000004   Code   RO         2119    .ARM.Collect$$rtentry$$0000000A  c_p.l(__rtentry2.o)
    0x00000168   0x00000168   0x00000000   Code   RO         2121    .ARM.Collect$$rtentry$$0000000C  c_p.l(__rtentry2.o)
    0x00000168   0x00000168   0x00000008   Code   RO         2122    .ARM.Collect$$rtentry$$0000000D  c_p.l(__rtentry2.o)
    0x00000170   0x00000170   0x00000002   Code   RO         2159    .ARM.Collect$$rtexit$$00000000  c_p.l(rtexit.o)
    0x00000172   0x00000172   0x00000000   Code   RO         2215    .ARM.Collect$$rtexit$$00000002  c_p.l(rtexit2.o)
    0x00000172   0x00000172   0x00000004   Code   RO         2216    .ARM.Collect$$rtexit$$00000003  c_p.l(rtexit2.o)
    0x00000176   0x00000176   0x00000006   Code   RO         2217    .ARM.Collect$$rtexit$$00000004  c_p.l(rtexit2.o)
    0x0000017c   0x0000017c   0x00000038   Code   RO         2055    .emb_text           c_p.l(rt_memcpy.o)
    0x000001b4   0x000001b4   0x00000040   Code   RO         1808    .text               startup_skeaz1284.o
    0x000001f4   0x000001f4   0x00000028   Code   RO         2022    .text               c_p.l(noretval__2sprintf.o)
    0x0000021c   0x0000021c   0x0000004e   Code   RO         2026    .text               c_p.l(_printf_pad.o)
    0x0000026a   0x0000026a   0x00000052   Code   RO         2028    .text               c_p.l(_printf_str.o)
    0x000002bc   0x000002bc   0x0000006c   Code   RO         2030    .text               c_p.l(_printf_dec.o)
    0x00000328   0x00000328   0x00000006   Code   RO         2065    .text               c_p.l(heapauxi.o)
    0x0000032e   0x0000032e   0x00000002   PAD
    0x00000330   0x00000330   0x0000007c   Code   RO         2069    .text               fz_ps.l(d2f.o)
    0x000003ac   0x000003ac   0x00000054   Code   RO         2080    .text               fz_ps.l(f2d.o)
    0x00000400   0x00000400   0x00000010   Code   RO         1807    .ARM.__at_0x400     startup_skeaz1284.o
    0x00000410   0x00000410   0x00000138   Code   RO         2044    .text               c_p.l(__printf_flags_wp.o)
    0x00000548   0x00000548   0x0000015a   Code   RO         2061    .text               c_p.l(aeabi_sdiv.o)
    0x000006a2   0x000006a2   0x00000002   PAD
    0x000006a4   0x000006a4   0x00000358   Code   RO         2071    .text               fz_ps.l(daddsub.o)
    0x000009fc   0x000009fc   0x00000448   Code   RO         2073    .text               fz_ps.l(ddiv.o)
    0x00000e44   0x00000e44   0x00000058   Code   RO         2076    .text               fz_ps.l(dflti.o)
    0x00000e9c   0x00000e9c   0x00000248   Code   RO         2078    .text               fz_ps.l(dmul.o)
    0x000010e4   0x000010e4   0x0000005e   Code   RO         2090    .text               fz_ps.l(fflti.o)
    0x00001142   0x00001142   0x000000b0   Code   RO         2101    .text               c_p.l(_printf_intcommon.o)
    0x000011f2   0x000011f2   0x00000002   PAD
    0x000011f4   0x000011f4   0x00000030   Code   RO         2103    .text               c_p.l(_printf_char_common.o)
    0x00001224   0x00001224   0x0000000a   Code   RO         2105    .text               c_p.l(_sputc.o)
    0x0000122e   0x0000122e   0x0000002e   Code   RO         2107    .text               c_p.l(_printf_char.o)
    0x0000125c   0x0000125c   0x00000028   Code   RO         2110    .text               c_p.l(rtudiv10.o)
    0x00001284   0x00001284   0x0000003e   Code   RO         2138    .text               c_p.l(sys_stackheap_outer.o)
    0x000012c2   0x000012c2   0x00000010   Code   RO         2141    .text               c_p.l(exit.o)
    0x000012d2   0x000012d2   0x00000002   PAD
    0x000012d4   0x000012d4   0x00000008   Code   RO         2155    .text               c_p.l(libspace.o)
    0x000012dc   0x000012dc   0x0000000c   Code   RO         2212    .text               c_p.l(sys_exit.o)
    0x000012e8   0x000012e8   0x00000002   Code   RO         2231    .text               c_p.l(use_no_semi.o)
    0x000012ea   0x000012ea   0x00000000   Code   RO         2233    .text               c_p.l(indicate_semi.o)
    0x000012ea   0x000012ea   0x00000002   PAD
    0x000012ec   0x000012ec   0x00000034   Code   RO          697    i.ADC_Init          adc.o
    0x00001320   0x00001320   0x00000018   Code   RO          211    i.FTM0_IRQHandler   isr.o
    0x00001338   0x00001338   0x00000018   Code   RO          212    i.FTM1_IRQHandler   isr.o
    0x00001350   0x00001350   0x00000018   Code   RO          213    i.FTM2_IRQHandler   isr.o
    0x00001368   0x00001368   0x0000008c   Code   RO          855    i.FTM_PWM_Duty      ftm.o
    0x000013f4   0x000013f4   0x000002f0   Code   RO          856    i.FTM_PWM_init      ftm.o
    0x000016e4   0x000016e4   0x00000014   Code   RO          861    i.FTM_count_get     ftm.o
    0x000016f8   0x000016f8   0x00000058   Code   RO         1934    i.FTM_init          system.o
    0x00001750   0x00001750   0x0000002c   Code   RO          214    i.KBI0_IRQHandler   isr.o
    0x0000177c   0x0000177c   0x0000002c   Code   RO          215    i.KBI1_IRQHandler   isr.o
    0x000017a8   0x000017a8   0x00000060   Code   RO          296    i.LCD_P6x8Str       lq12864.o
    0x00001808   0x00001808   0x00000028   Code   RO          301    i.LCD_Set_Pos       lq12864.o
    0x00001830   0x00001830   0x0000008c   Code   RO          302    i.LCD_WrCmd         lq12864.o
    0x000018bc   0x000018bc   0x00000090   Code   RO          303    i.LCD_WrDat         lq12864.o
    0x0000194c   0x0000194c   0x00000208   Code   RO          448    i.LED_Ctrl          lqled.o
    0x00001b54   0x00001b54   0x00000036   Code   RO          449    i.LED_Init          lqled.o
    0x00001b8a   0x00001b8a   0x00000014   Code   RO         1895    i.Motor_spd         motor.o
    0x00001b9e   0x00001b9e   0x00000062   Code   RO         1896    i.Motor_speedL      motor.o
    0x00001c00   0x00001c00   0x00000062   Code   RO         1897    i.Motor_speedR      motor.o
    0x00001c62   0x00001c62   0x00000002   PAD
    0x00001c64   0x00001c64   0x0000001c   Code   RO          216    i.PIT_CH0_IRQHandler  isr.o
    0x00001c80   0x00001c80   0x00000074   Code   RO         1977    i.PIT_CH1_IRQHandler  spit.o
    0x00001cf4   0x00001cf4   0x000000a8   Code   RO          217    i.RTC_IRQHandler    isr.o
    0x00001d9c   0x00001d9c   0x00000028   Code   RO         1684    i.SysTick_delay     systick.o
    0x00001dc4   0x00001dc4   0x00000058   Code   RO         1817    i.SystemInit        system_skeaz1284.o
    0x00001e1c   0x00001e1c   0x00000038   Code   RO          218    i.UART0_IRQHandler  isr.o
    0x00001e54   0x00001e54   0x00000038   Code   RO          219    i.UART1_IRQHandler  isr.o
    0x00001e8c   0x00001e8c   0x00000038   Code   RO          220    i.UART2_IRQHandler  isr.o
    0x00001ec4   0x00001ec4   0x00000024   Code   RO         1552    i.Uart_GetChar      uart.o
    0x00001ee8   0x00001ee8   0x00000020   Code   RO         1553    i.Uart_SendChar     uart.o
    0x00001f08   0x00001f08   0x0000001e   Code   RO         1554    i.Uart_SendString   uart.o
    0x00001f26   0x00001f26   0x0000001c   Code   RO          441    i.__ARM_common_switch8  lqkey.o
    0x00001f42   0x00001f42   0x0000000e   Code   RO         2042    i._is_digit         c_p.l(__printf_wp.o)
    0x00001f50   0x00001f50   0x0000002c   Code   RO          699    i.adc_ave           adc.o
    0x00001f7c   0x00001f7c   0x00000038   Code   RO          700    i.adc_once          adc.o
    0x00001fb4   0x00001fb4   0x0000001c   Code   RO         1771    i.assert_failed     assert.o
    0x00001fd0   0x00001fd0   0x00000010   Code   RO         1686    i.delay_us          systick.o
    0x00001fe0   0x00001fe0   0x00000078   Code   RO          975    i.gpio_init         gpio.o
    0x00002058   0x00002058   0x0000004c   Code   RO          976    i.gpio_set          gpio.o
    0x000020a4   0x000020a4   0x00000024   Code   RO          977    i.gpio_turn         gpio.o
    0x000020c8   0x000020c8   0x0000010c   Code   RO          492    i.main              main.o
    0x000021d4   0x000021d4   0x0000001a   Code   RO          451    i.time_delay_ms     lqled.o
    0x000021ee   0x000021ee   0x00000002   PAD
    0x000021f0   0x000021f0   0x00000130   Code   RO         1557    i.uart_init         uart.o
    0x00002320   0x00002320   0x00000000   Code   RO         2114    x$fpl$usenofp       fz_ps.l(usenofp.o)
    0x00002320   0x00002320   0x0000001e   Data   RO          221    .constdata          isr.o
    0x0000233e   0x0000233e   0x00001441   Data   RO          304    .constdata          lq12864.o
    0x0000377f   0x0000377f   0x00000001   PAD
    0x00003780   0x00003780   0x00000012   Data   RO          493    .constdata          main.o
    0x00003792   0x00003792   0x00000011   Data   RO         2045    .constdata          c_p.l(__printf_flags_wp.o)
    0x000037a3   0x000037a3   0x00000080   Data   RO         2074    .constdata          fz_ps.l(ddiv.o)
    0x00003823   0x00003823   0x00000001   PAD
    0x00003824   0x00003824   0x00000020   Data   RO         2283    Region$$Table       anon$$obj.o


    Execution Region RW_IRAM1 (Exec base: 0x1ffff000, Load base: 0x00003844, Size: 0x000001c0, Max: 0x00004000, ABSOLUTE)

    Exec Addr    Load Addr    Size         Type   Attr      Idx    E Section Name        Object

    0x1ffff000   0x00003844   0x00000003   Data   RW          222    .data               isr.o
    0x1ffff003   0x00003847   0x00000001   PAD
    0x1ffff004   0x00003848   0x0000000c   Data   RW          867    .data               ftm.o
    0x1ffff010   0x00003854   0x0000000c   Data   RW          978    .data               gpio.o
    0x1ffff01c   0x00003860   0x0000000c   Data   RW         1558    .data               uart.o
    0x1ffff028   0x0000386c   0x00000004   Data   RW         1978    .data               spit.o
    0x1ffff02c        -       0x00000030   Zero   RW         1849    .bss                deal.o
    0x1ffff05c        -       0x00000060   Zero   RW         2156    .bss                c_p.l(libspace.o)
    0x1ffff0bc   0x00003870   0x00000004   PAD
    0x1ffff0c0        -       0x00000000   Zero   RW         1805    HEAP                startup_skeaz1284.o
    0x1ffff0c0        -       0x00000100   Zero   RW         1804    STACK               startup_skeaz1284.o


==============================================================================

Image component sizes


      Code (inc. data)   RO Data    RW Data    ZI Data      Debug   Object Name

         0          0          0          0          0       6656   8700_2100.o
       152         14          0          0          0      81928   adc.o
        28          4          0          0          0        492   assert.o
         0          0          0          0         48       1078   deal.o
       912         60          0         12          0       4877   ftm.o
       232         16          0         12          0       9055   gpio.o
       524        124         30          3          0       4480   isr.o
       420         14       5185          0          0       2853   lq12864.o
        28          0          0          0          0         76   lqkey.o
       600         14          0          0          0       1598   lqled.o
       268          6         18          0          0        607   main.o
       216          0          0          0          0       1454   motor.o
       116         28          0          4          0        600   spit.o
        80         44        192          0        256        876   startup_skeaz1284.o
        88          4          0          0          0        399   system.o
        88         20          0          0          0        417   system_skeaz1284.o
        56          4          0          0          0        863   systick.o
       402         28          0         12          0       2873   uart.o

    ----------------------------------------------------------------------
      4214        380       5458         44        304     121182   Object Totals
         0          0         32          0          0          0   (incl. Generated)
         4          0          1          1          0          0   (incl. Padding)

    ----------------------------------------------------------------------

      Code (inc. data)   RO Data    RW Data    ZI Data      Debug   Library Member Name

         8          0          0          0          0         68   __main.o
       312          6         17          0          0         76   __printf_flags_wp.o
        14          0          0          0          0         60   __printf_wp.o
         0          0          0          0          0          0   __rtentry.o
        12          0          0          0          0          0   __rtentry2.o
         6          0          0          0          0          0   __rtentry4.o
        60          8          0          0          0          0   __scatter.o
        26          0          0          0          0          0   __scatter_copy.o
        28          0          0          0          0          0   __scatter_zi.o
        10          0          0          0          0          0   _printf_c.o
        46          0          0          0          0        100   _printf_char.o
        48          6          0          0          0         88   _printf_char_common.o
        10          0          0          0          0          0   _printf_d.o
       108         18          0          0          0         76   _printf_dec.o
       176          0          0          0          0         84   _printf_intcommon.o
        78          0          0          0          0        100   _printf_pad.o
         2          0          0          0          0          0   _printf_percent.o
         4          0          0          0          0          0   _printf_percent_end.o
        82          0          0          0          0         72   _printf_str.o
        10          0          0          0          0         60   _sputc.o
       346          0          0          0          0         92   aeabi_sdiv.o
        16          0          0          0          0         68   exit.o
         6          0          0          0          0        136   heapauxi.o
         0          0          0          0          0          0   indicate_semi.o
         2          0          0          0          0          0   libinit.o
         2          0          0          0          0          0   libinit2.o
         2          0          0          0          0          0   libshutdown.o
         2          0          0          0          0          0   libshutdown2.o
         8          4          0          0         96         68   libspace.o
        40          4          0          0          0         84   noretval__2sprintf.o
        56          0          0          0          0         68   rt_memcpy.o
         2          0          0          0          0          0   rtexit.o
        10          0          0          0          0          0   rtexit2.o
        40          0          0          0          0         60   rtudiv10.o
        12          4          0          0          0         60   sys_exit.o
        62          0          0          0          0         80   sys_stackheap_outer.o
         2          0          0          0          0         68   use_no_semi.o
       124          4          0          0          0         72   d2f.o
       856         20          0          0          0        208   daddsub.o
      1096         26        128          0          0        112   ddiv.o
        88          0          0          0          0         92   dflti.o
       584         26          0          0          0         84   dmul.o
        84          4          0          0          0         60   f2d.o
        94          0          0          0          0         92   fflti.o
         0          0          0          0          0          0   usenofp.o

    ----------------------------------------------------------------------
      4586        130        146          0        100       2288   Library Totals
        12          0          1          0          4          0   (incl. Padding)

    ----------------------------------------------------------------------

      Code (inc. data)   RO Data    RW Data    ZI Data      Debug   Library Name

      1648         50         17          0         96       1568   c_p.l
      2926         80        128          0          0        720   fz_ps.l

    ----------------------------------------------------------------------
      4586        130        146          0        100       2288   Library Totals

    ----------------------------------------------------------------------

==============================================================================


      Code (inc. data)   RO Data    RW Data    ZI Data      Debug   

      8800        510       5604         44        404     120766   Grand Totals
      8800        510       5604         44        404     120766   ELF Image Totals
      8800        510       5604         44          0          0   ROM Totals

==============================================================================

    Total RO  Size (Code + RO Data)                14404 (  14.07kB)
    Total RW  Size (RW Data + ZI Data)               448 (   0.44kB)
    Total ROM Size (Code + RO Data + RW Data)      14448 (  14.11kB)

==============================================================================

